ARM Linker, 4.1 [Build 713] [Evaluation]

==============================================================================

Section Cross References

    snmp_demo.o(.text) refers to system_stm32f10x_cl.o(.text) for SystemInit
    snmp_demo.o(.text) refers to at_snmp.o(i.snmp_trap) for snmp_trap
    snmp_demo.o(.text) refers to at_lib.o(i.mem_test) for mem_test
    snmp_demo.o(.text) refers to printf1.o(i.__0sprintf$1) for __2sprintf
    snmp_demo.o(.text) refers to at_dhcp.o(i.dhcp_disable) for dhcp_disable
    snmp_demo.o(.text) refers to glcd_spi_stm32.o(.text) for GLCD_Init
    snmp_demo.o(.text) refers to at_system.o(i.init_TcpNet) for init_TcpNet
    snmp_demo.o(.text) refers to at_system.o(i.timer_tick) for timer_tick
    snmp_demo.o(.text) refers to at_system.o(i.main_TcpNet) for main_TcpNet
    snmp_demo.o(.text) refers to system_stm32f10x_cl.o(.data) for SystemFrequency
    snmp_demo.o(.text) refers to snmp_demo.o(.data) for .data
    snmp_demo.o(.text) refers to at_system.o(.bss) for localm
    snmp_mib.o(.text) refers to snmp_demo.o(.text) for LED_out
    snmp_mib.o(.text) refers to snmp_mib.o(.data) for .data
    snmp_mib.o(.text) refers to snmp_demo.o(.data) for LCDupdate
    snmp_mib.o(.constdata) refers to snmp_mib.o(.conststring) for .conststring
    snmp_mib.o(.constdata) refers to snmp_mib.o(.conststrlit) for .conststrlit
    snmp_mib.o(.constdata) refers to at_snmp.o(.data) for snmp_SysUpTime
    snmp_mib.o(.constdata) refers to snmp_mib.o(.constdata) for sysServices
    snmp_mib.o(.constdata) refers to snmp_mib.o(.data) for LedOut
    snmp_mib.o(.constdata) refers to snmp_mib.o(.text) for write_leds
    snmp_mib.o(.constdata) refers to snmp_demo.o(.data) for lcd_text
    net_config.o(.text) refers to at_ethernet.o(i.init_eth_link) for init_eth_link
    net_config.o(.text) refers to at_udp.o(i.init_udp) for init_udp
    net_config.o(.text) refers to at_nbns.o(i.init_nbns) for init_nbns
    net_config.o(.text) refers to at_dhcp.o(i.init_dhcp) for init_dhcp
    net_config.o(.text) refers to at_snmp.o(i.init_snmp) for init_snmp
    net_config.o(.text) refers to at_ethernet.o(i.run_eth_link) for run_eth_link
    net_config.o(.text) refers to at_dhcp.o(i.run_dhcp_client) for run_dhcp_client
    net_config.o(.text) refers to at_snmp.o(i.run_snmp_agent) for run_snmp_agent
    net_config.o(.text) refers to at_udp.o(i.process_udp) for process_udp
    net_config.o(.text) refers to at_ethernet.o(i.eth_send_frame) for eth_send_frame
    startup_stm32f10x_cl.o(RESET) refers to startup_stm32f10x_cl.o(STACK) for __initial_sp
    startup_stm32f10x_cl.o(RESET) refers to startup_stm32f10x_cl.o(.text) for Reset_Handler
    startup_stm32f10x_cl.o(RESET) refers to eth_stm32x.o(.text) for ETH_IRQHandler
    startup_stm32f10x_cl.o(.text) refers to entry.o(.ARM.Collect$$$$00000000) for __main
    eth_stm32x.o(.text) refers to at_mem.o(i.alloc_mem) for alloc_mem
    eth_stm32x.o(.text) refers to at_ethernet.o(i.put_in_queue) for put_in_queue
    eth_stm32x.o(.text) refers to net_config.o(.data) for own_hw_adr
    eth_stm32x.o(.text) refers to eth_stm32x.o(.data) for .data
    eth_stm32x.o(.text) refers to eth_stm32x.o(.bss) for .bss
    system_stm32f10x_cl.o(.text) refers to dflti.o(.text) for __aeabi_i2d
    system_stm32f10x_cl.o(.text) refers to dmul.o(.text) for __aeabi_dmul
    system_stm32f10x_cl.o(.text) refers to dfixui.o(.text) for __aeabi_d2uiz
    system_stm32f10x_cl.o(.text) refers to system_stm32f10x_cl.o(.data) for .data
    glcd_spi_stm32.o(.text) refers to glcd_spi_stm32.o(.data) for .data
    glcd_spi_stm32.o(.text) refers to glcd_spi_stm32.o(.constdata) for .constdata
    at_udp.o(i.init_udp) refers to at_lib.o(i.mem_set) for mem_set
    at_udp.o(i.init_udp) refers to net_config.o(.constdata) for udp_NumSocks
    at_udp.o(i.init_udp) refers to net_config.o(.bss) for udp_socket
    at_udp.o(i.process_udp) refers to at_lib.o(i.CalcChksumBuf) for CalcChksumBuf
    at_udp.o(i.process_udp) refers to at_lib.o(i.CalcChksumVal) for CalcChksumVal
    at_udp.o(i.process_udp) refers to net_config.o(.bss) for udp_socket
    at_udp.o(i.process_udp) refers to net_config.o(.constdata) for udp_NumSocks
    at_udp.o(i.udp_close) refers to net_config.o(.constdata) for udp_NumSocks
    at_udp.o(i.udp_close) refers to net_config.o(.bss) for udp_socket
    at_udp.o(i.udp_get_buf) refers to at_mem.o(i.alloc_mem) for alloc_mem
    at_udp.o(i.udp_get_socket) refers to net_config.o(.text) for sys_error
    at_udp.o(i.udp_get_socket) refers to net_config.o(.bss) for udp_socket
    at_udp.o(i.udp_get_socket) refers to net_config.o(.constdata) for udp_NumSocks
    at_udp.o(i.udp_mcast_ttl) refers to net_config.o(.constdata) for udp_NumSocks
    at_udp.o(i.udp_mcast_ttl) refers to net_config.o(.bss) for udp_socket
    at_udp.o(i.udp_open) refers to net_config.o(.constdata) for udp_NumSocks
    at_udp.o(i.udp_open) refers to net_config.o(.bss) for udp_socket
    at_udp.o(i.udp_open) refers to at_udp.o(.data) for .data
[...]
    printf1.o(i.__0vprintf$1) refers to snmp_demo.o(.text) for fputc
    printf1.o(i.__0vprintf$1) refers to stdout.o(.data) for __stdout
    printf1.o(i.__0vsnprintf$1) refers to printf1.o(i._printf_core) for _printf_core
    printf1.o(i.__0vsnprintf$1) refers to printf1.o(i._snputc) for _snputc
    printf1.o(i.__0vsprintf$1) refers to printf1.o(i._printf_core) for _printf_core
    printf1.o(i.__0vsprintf$1) refers to printf1.o(i._sputc) for _sputc
    printf1.o(i._printf_core) refers to uidiv.o(.text) for __aeabi_uidivmod
    printf2.o(i.__0fprintf$2) refers to printf2.o(i._printf_core) for _printf_core
    printf2.o(i.__0fprintf$2) refers to snmp_demo.o(.text) for fputc
    printf2.o(i.__0printf$2) refers to printf2.o(i._printf_core) for _printf_core
    printf2.o(i.__0printf$2) refers to snmp_demo.o(.text) for fputc
    printf2.o(i.__0printf$2) refers to stdout.o(.data) for __stdout
    printf2.o(i.__0snprintf$2) refers to printf2.o(i._printf_core) for _printf_core
    printf2.o(i.__0snprintf$2) refers to printf2.o(i._snputc) for _snputc
    printf2.o(i.__0sprintf$2) refers to printf2.o(i._printf_core) for _printf_core
    printf2.o(i.__0sprintf$2) refers to printf2.o(i._sputc) for _sputc
    printf2.o(i.__0vfprintf$2) refers to printf2.o(i._printf_core) for _printf_core
    printf2.o(i.__0vfprintf$2) refers to snmp_demo.o(.text) for fputc
    printf2.o(i.__0vprintf$2) refers to printf2.o(i._printf_core) for _printf_core
    printf2.o(i.__0vprintf$2) refers to snmp_demo.o(.text) for fputc
    printf2.o(i.__0vprintf$2) refers to stdout.o(.data) for __stdout
    printf2.o(i.__0vsnprintf$2) refers to printf2.o(i._printf_core) for _printf_core
    printf2.o(i.__0vsnprintf$2) refers to printf2.o(i._snputc) for _snputc
    printf2.o(i.__0vsprintf$2) refers to printf2.o(i._printf_core) for _printf_core
    printf2.o(i.__0vsprintf$2) refers to printf2.o(i._sputc) for _sputc
    printf3.o(i.__0fprintf$3) refers to printf3.o(i._printf_core) for _printf_core
    printf3.o(i.__0fprintf$3) refers to snmp_demo.o(.text) for fputc
    printf3.o(i.__0printf$3) refers to printf3.o(i._printf_core) for _printf_core
    printf3.o(i.__0printf$3) refers to snmp_demo.o(.text) for fputc
    printf3.o(i.__0printf$3) refers to stdout.o(.data) for __stdout
    printf3.o(i.__0snprintf$3) refers to printf3.o(i._printf_core) for _printf_core
    printf3.o(i.__0snprintf$3) refers to printf3.o(i._snputc) for _snputc
    printf3.o(i.__0sprintf$3) refers to printf3.o(i._printf_core) for _printf_core
    printf3.o(i.__0sprintf$3) refers to printf3.o(i._sputc) for _sputc
    printf3.o(i.__0vfprintf$3) refers to printf3.o(i._printf_core) for _printf_core
    printf3.o(i.__0vfprintf$3) refers to snmp_demo.o(.text) for fputc
    printf3.o(i.__0vprintf$3) refers to printf3.o(i._printf_core) for _printf_core
    printf3.o(i.__0vprintf$3) refers to snmp_demo.o(.text) for fputc
    printf3.o(i.__0vprintf$3) refers to stdout.o(.data) for __stdout
    printf3.o(i.__0vsnprintf$3) refers to printf3.o(i._printf_core) for _printf_core
    printf3.o(i.__0vsnprintf$3) refers to printf3.o(i._snputc) for _snputc
    printf3.o(i.__0vsprintf$3) refers to printf3.o(i._printf_core) for _printf_core
    printf3.o(i.__0vsprintf$3) refers to printf3.o(i._sputc) for _sputc
    printf3.o(i._printf_core) refers to uidiv.o(.text) for __aeabi_uidivmod
    printf4.o(i.__0fprintf$4) refers to printf4.o(i._printf_core) for _printf_core
    printf4.o(i.__0fprintf$4) refers to snmp_demo.o(.text) for fputc
    printf4.o(i.__0printf$4) refers to printf4.o(i._printf_core) for _printf_core
    printf4.o(i.__0printf$4) refers to snmp_demo.o(.text) for fputc
    printf4.o(i.__0printf$4) refers to stdout.o(.data) for __stdout
    printf4.o(i.__0snprintf$4) refers to printf4.o(i._printf_core) for _printf_core
    printf4.o(i.__0snprintf$4) refers to printf4.o(i._snputc) for _snputc
    printf4.o(i.__0sprintf$4) refers to printf4.o(i._printf_core) for _printf_core
    printf4.o(i.__0sprintf$4) refers to printf4.o(i._sputc) for _sputc
    printf4.o(i.__0vfprintf$4) refers to printf4.o(i._printf_core) for _printf_core
    printf4.o(i.__0vfprintf$4) refers to snmp_demo.o(.text) for fputc
    printf4.o(i.__0vprintf$4) refers to printf4.o(i._printf_core) for _printf_core
    printf4.o(i.__0vprintf$4) refers to snmp_demo.o(.text) for fputc
    printf4.o(i.__0vprintf$4) refers to stdout.o(.data) for __stdout
    printf4.o(i.__0vsnprintf$4) refers to printf4.o(i._printf_core) for _printf_core
    printf4.o(i.__0vsnprintf$4) refers to printf4.o(i._snputc) for _snputc
    printf4.o(i.__0vsprintf$4) refers to printf4.o(i._printf_core) for _printf_core
    printf4.o(i.__0vsprintf$4) refers to printf4.o(i._sputc) for _sputc
    printf4.o(i._printf_core) refers to uldiv.o(.text) for __aeabi_uldivmod
    printf5.o(i.__0fprintf$5) refers to printf5.o(i._printf_core) for _printf_core
    printf5.o(i.__0fprintf$5) refers to snmp_demo.o(.text) for fputc
    printf5.o(i.__0printf$5) refers to printf5.o(i._printf_core) for _printf_core
    printf5.o(i.__0printf$5) refers to snmp_demo.o(.text) for fputc
    printf5.o(i.__0printf$5) refers to stdout.o(.data) for __stdout
    printf5.o(i.__0snprintf$5) refers to printf5.o(i._printf_core) for _printf_core
    printf5.o(i.__0snprintf$5) refers to printf5.o(i._snputc) for _snputc
    printf5.o(i.__0sprintf$5) refers to printf5.o(i._printf_core) for _printf_core
    printf5.o(i.__0sprintf$5) refers to printf5.o(i._sputc) for _sputc
    printf5.o(i.__0vfprintf$5) refers to printf5.o(i._printf_core) for _printf_core
    printf5.o(i.__0vfprintf$5) refers to snmp_demo.o(.text) for fputc
    printf5.o(i.__0vprintf$5) refers to printf5.o(i._printf_core) for _printf_core
    printf5.o(i.__0vprintf$5) refers to snmp_demo.o(.text) for fputc
    printf5.o(i.__0vprintf$5) refers to stdout.o(.data) for __stdout
    printf5.o(i.__0vsnprintf$5) refers to printf5.o(i._printf_core) for _printf_core
    printf5.o(i.__0vsnprintf$5) refers to printf5.o(i._snputc) for _snputc
    printf5.o(i.__0vsprintf$5) refers to printf5.o(i._printf_core) for _printf_core
    printf5.o(i.__0vsprintf$5) refers to printf5.o(i._sputc) for _sputc
    printf5.o(i._printf_core) refers to uldiv.o(.text) for __aeabi_uldivmod
    printf6.o(i.__0fprintf$6) refers to printf6.o(i._printf_core) for _printf_core
    printf6.o(i.__0fprintf$6) refers to snmp_demo.o(.text) for fputc
    printf6.o(i.__0printf$6) refers to printf6.o(i._printf_core) for _printf_core
    printf6.o(i.__0printf$6) refers to snmp_demo.o(.text) for fputc
    printf6.o(i.__0printf$6) refers to stdout.o(.data) for __stdout
    printf6.o(i.__0snprintf$6) refers to printf6.o(i._printf_core) for _printf_core
    printf6.o(i.__0snprintf$6) refers to printf6.o(i._snputc) for _snputc
    printf6.o(i.__0sprintf$6) refers to printf6.o(i._printf_core) for _printf_core
    printf6.o(i.__0sprintf$6) refers to printf6.o(i._sputc) for _sputc
    printf6.o(i.__0vfprintf$6) refers to printf6.o(i._printf_core) for _printf_core
    printf6.o(i.__0vfprintf$6) refers to snmp_demo.o(.text) for fputc
    printf6.o(i.__0vprintf$6) refers to printf6.o(i._printf_core) for _printf_core
    printf6.o(i.__0vprintf$6) refers to snmp_demo.o(.text) for fputc
    printf6.o(i.__0vprintf$6) refers to stdout.o(.data) for __stdout
    printf6.o(i.__0vsnprintf$6) refers to printf6.o(i._printf_core) for _printf_core
    printf6.o(i.__0vsnprintf$6) refers to printf6.o(i._snputc) for _snputc
    printf6.o(i.__0vsprintf$6) refers to printf6.o(i._printf_core) for _printf_core
    printf6.o(i.__0vsprintf$6) refers to printf6.o(i._sputc) for _sputc
    printf6.o(i._printf_core) refers to printf6.o(i._printf_pre_padding) for _printf_pre_padding
    printf6.o(i._printf_core) refers to uidiv.o(.text) for __aeabi_uidivmod
    printf6.o(i._printf_core) refers to printf6.o(i._printf_post_padding) for _printf_post_padding
    printf7.o(i.__0fprintf$7) refers to printf7.o(i._printf_core) for _printf_core
    printf7.o(i.__0fprintf$7) refers to snmp_demo.o(.text) for fputc
    printf7.o(i.__0printf$7) refers to printf7.o(i._printf_core) for _printf_core
    printf7.o(i.__0printf$7) refers to snmp_demo.o(.text) for fputc
    printf7.o(i.__0printf$7) refers to stdout.o(.data) for __stdout
    printf7.o(i.__0snprintf$7) refers to printf7.o(i._printf_core) for _printf_core
    printf7.o(i.__0snprintf$7) refers to printf7.o(i._snputc) for _snputc
    printf7.o(i.__0sprintf$7) refers to printf7.o(i._printf_core) for _printf_core
    printf7.o(i.__0sprintf$7) refers to printf7.o(i._sputc) for _sputc
    printf7.o(i.__0vfprintf$7) refers to printf7.o(i._printf_core) for _printf_core
    printf7.o(i.__0vfprintf$7) refers to snmp_demo.o(.text) for fputc
    printf7.o(i.__0vprintf$7) refers to printf7.o(i._printf_core) for _printf_core
    printf7.o(i.__0vprintf$7) refers to snmp_demo.o(.text) for fputc
    printf7.o(i.__0vprintf$7) refers to stdout.o(.data) for __stdout
    printf7.o(i.__0vsnprintf$7) refers to printf7.o(i._printf_core) for _printf_core
    printf7.o(i.__0vsnprintf$7) refers to printf7.o(i._snputc) for _snputc
    printf7.o(i.__0vsprintf$7) refers to printf7.o(i._printf_core) for _printf_core
    printf7.o(i.__0vsprintf$7) refers to printf7.o(i._sputc) for _sputc
    printf7.o(i._printf_core) refers to printf7.o(i._printf_pre_padding) for _printf_pre_padding
    printf7.o(i._printf_core) refers to uldiv.o(.text) for __aeabi_uldivmod
    printf7.o(i._printf_core) refers to printf7.o(i._printf_post_padding) for _printf_post_padding
    printf8.o(i.__0fprintf$8) refers to printf8.o(i._printf_core) for _printf_core
    printf8.o(i.__0fprintf$8) refers to snmp_demo.o(.text) for fputc
    printf8.o(i.__0printf$8) refers to printf8.o(i._printf_core) for _printf_core
    printf8.o(i.__0printf$8) refers to snmp_demo.o(.text) for fputc
    printf8.o(i.__0printf$8) refers to stdout.o(.data) for __stdout
    printf8.o(i.__0snprintf$8) refers to printf8.o(i._printf_core) for _printf_core
    printf8.o(i.__0snprintf$8) refers to printf8.o(i._snputc) for _snputc
    printf8.o(i.__0sprintf$8) refers to printf8.o(i._printf_core) for _printf_core
    printf8.o(i.__0sprintf$8) refers to printf8.o(i._sputc) for _sputc
    printf8.o(i.__0vfprintf$8) refers to printf8.o(i._printf_core) for _printf_core
    printf8.o(i.__0vfprintf$8) refers to snmp_demo.o(.text) for fputc
    printf8.o(i.__0vprintf$8) refers to printf8.o(i._printf_core) for _printf_core
    printf8.o(i.__0vprintf$8) refers to snmp_demo.o(.text) for fputc
    printf8.o(i.__0vprintf$8) refers to stdout.o(.data) for __stdout
    printf8.o(i.__0vsnprintf$8) refers to printf8.o(i._printf_core) for _printf_core
    printf8.o(i.__0vsnprintf$8) refers to printf8.o(i._snputc) for _snputc
    printf8.o(i.__0vsprintf$8) refers to printf8.o(i._printf_core) for _printf_core
    printf8.o(i.__0vsprintf$8) refers to printf8.o(i._sputc) for _sputc
    printf8.o(i._printf_core) refers to printf8.o(i._printf_pre_padding) for _printf_pre_padding
    printf8.o(i._printf_core) refers to uldiv.o(.text) for __aeabi_uldivmod
    printf8.o(i._printf_core) refers to printf8.o(i._printf_post_padding) for _printf_post_padding
    printfa.o(i.__0fprintf) refers (Special) to iusefp.o(.text) for __I$use$fp
    printfa.o(i.__0fprintf) refers to printfa.o(i._printf_core) for _printf_core
    printfa.o(i.__0fprintf) refers to snmp_demo.o(.text) for fputc
    printfa.o(i.__0printf) refers (Special) to iusefp.o(.text) for __I$use$fp
    printfa.o(i.__0printf) refers to printfa.o(i._printf_core) for _printf_core
    printfa.o(i.__0printf) refers to snmp_demo.o(.text) for fputc
    printfa.o(i.__0printf) refers to stdout.o(.data) for __stdout
    printfa.o(i.__0snprintf) refers (Special) to iusefp.o(.text) for __I$use$fp
    printfa.o(i.__0snprintf) refers to printfa.o(i._printf_core) for _printf_core
    printfa.o(i.__0snprintf) refers to printfa.o(i._snputc) for _snputc
    printfa.o(i.__0sprintf) refers (Special) to iusefp.o(.text) for __I$use$fp
    printfa.o(i.__0sprintf) refers to printfa.o(i._printf_core) for _printf_core
    printfa.o(i.__0sprintf) refers to printfa.o(i._sputc) for _sputc
    printfa.o(i.__0vfprintf) refers (Special) to iusefp.o(.text) for __I$use$fp
    printfa.o(i.__0vfprintf) refers to printfa.o(i._printf_core) for _printf_core
    printfa.o(i.__0vfprintf) refers to snmp_demo.o(.text) for fputc
    printfa.o(i.__0vprintf) refers (Special) to iusefp.o(.text) for __I$use$fp
    printfa.o(i.__0vprintf) refers to printfa.o(i._printf_core) for _printf_core
    printfa.o(i.__0vprintf) refers to snmp_demo.o(.text) for fputc
    printfa.o(i.__0vprintf) refers to stdout.o(.data) for __stdout
    printfa.o(i.__0vsnprintf) refers (Special) to iusefp.o(.text) for __I$use$fp
    printfa.o(i.__0vsnprintf) refers to printfa.o(i._printf_core) for _printf_core
    printfa.o(i.__0vsnprintf) refers to printfa.o(i._snputc) for _snputc
    printfa.o(i.__0vsprintf) refers (Special) to iusefp.o(.text) for __I$use$fp
    printfa.o(i.__0vsprintf) refers to printfa.o(i._printf_core) for _printf_core
    printfa.o(i.__0vsprintf) refers to printfa.o(i._sputc) for _sputc
    printfa.o(i._fp_digits) refers (Special) to iusefp.o(.text) for __I$use$fp
    printfa.o(i._fp_digits) refers to dmul.o(.text) for __aeabi_dmul
    printfa.o(i._fp_digits) refers to ddiv.o(.text) for __aeabi_ddiv
    printfa.o(i._fp_digits) refers to cdrcmple.o(.text) for __aeabi_cdrcmple
    printfa.o(i._fp_digits) refers to dadd.o(.text) for __aeabi_dadd
    printfa.o(i._fp_digits) refers to dfixul.o(.text) for __aeabi_d2ulz
    printfa.o(i._fp_digits) refers to uldiv.o(.text) for __aeabi_uldivmod
    printfa.o(i._printf_core) refers (Special) to iusefp.o(.text) for __I$use$fp
    printfa.o(i._printf_core) refers to printfa.o(i._printf_pre_padding) for _printf_pre_padding
    printfa.o(i._printf_core) refers to uldiv.o(.text) for __aeabi_uldivmod
    printfa.o(i._printf_core) refers to printfa.o(i._printf_post_padding) for _printf_post_padding
    printfa.o(i._printf_core) refers to printfa.o(i._fp_digits) for _fp_digits
    printfa.o(i._printf_core) refers to uidiv.o(.text) for __aeabi_uidivmod
    printfa.o(i._printf_post_padding) refers (Special) to iusefp.o(.text) for __I$use$fp
    printfa.o(i._printf_pre_padding) refers (Special) to iusefp.o(.text) for __I$use$fp
    printfa.o(i._snputc) refers (Special) to iusefp.o(.text) for __I$use$fp
    printfa.o(i._sputc) refers (Special) to iusefp.o(.text) for __I$use$fp
    dmul.o(.text) refers (Special) to iusefp.o(.text) for __I$use$fp
    dmul.o(.text) refers to depilogue.o(.text) for _double_epilogue
    dflti.o(.text) refers (Special) to iusefp.o(.text) for __I$use$fp
    dflti.o(.text) refers to depilogue.o(.text) for _double_epilogue
    dfixui.o(.text) refers (Special) to iusefp.o(.text) for __I$use$fp
    dfixui.o(.text) refers to llushr.o(.text) for __aeabi_llsr
    entry2.o(.ARM.Collect$$$$00000001) refers to entry2.o(.ARM.Collect$$$$00002712) for __lit__00000000
    entry2.o(.ARM.Collect$$$$00002712) refers to startup_stm32f10x_cl.o(STACK) for __initial_sp
    entry2.o(__vectab_stack_and_reset_area) refers to startup_stm32f10x_cl.o(STACK) for __initial_sp
    entry2.o(__vectab_stack_and_reset_area) refers to entry.o(.ARM.Collect$$$$00000000) for __main
    entry5.o(.ARM.Collect$$$$00000004) refers to init.o(.text) for __scatterload
    entry7.o(.ARM.Collect$$$$00000007) refers to snmp_demo.o(.text) for main
    uldiv.o(.text) refers to llushr.o(.text) for __aeabi_llsr
    uldiv.o(.text) refers to llshl.o(.text) for __aeabi_llsl
    depilogue.o(.text) refers to llshl.o(.text) for __aeabi_llsl
    depilogue.o(.text) refers to llushr.o(.text) for __aeabi_llsr
    dadd.o(.text) refers to llshl.o(.text) for __aeabi_llsl
    dadd.o(.text) refers to llsshr.o(.text) for __aeabi_lasr
    dadd.o(.text) refers to depilogue.o(.text) for _double_epilogue
    ddiv.o(.text) refers to depilogue.o(.text) for _double_round
    dfixul.o(.text) refers to llushr.o(.text) for __aeabi_llsr
    dfixul.o(.text) refers to llshl.o(.text) for __aeabi_llsl
    init.o(.text) refers to entry5.o(.ARM.Collect$$$$00000004) for __main_after_scatterload


==============================================================================

Removing Unused input sections from the image.

    Removing snmp_demo.o(.emb_text), (8 bytes).
    Removing startup_stm32f10x_cl.o(HEAP), (0 bytes).
    Removing eth_stm32x.o(.emb_text), (8 bytes).
    Removing system_stm32f10x_cl.o(.emb_text), (8 bytes).
    Removing glcd_spi_stm32.o(.emb_text), (8 bytes).
    Removing at_udp.o(i.udp_mcast_ttl), (44 bytes).
    Removing at_snmp.o(i.snmp_set_community), (48 bytes).
    Removing at_ethernet.o(i.eth_get_adr), (4 bytes).
    Removing at_lib.o(i.asc_to_b64), (66 bytes).
    Removing at_lib.o(i.b64_to_asc), (120 bytes).
    Removing at_lib.o(i.bin_to_b64), (68 bytes).
    Removing at_lib.o(i.encode_b64), (70 bytes).
    Removing at_lib.o(i.get_u16), (10 bytes).
    Removing at_lib.o(i.mem_rcopy), (52 bytes).
    Removing at_lib.o(i.str_crc), (26 bytes).
    Removing at_lib.o(i.str_pos), (26 bytes).
    Removing at_lib.o(i.str_scomp), (26 bytes).
    Removing at_lib.o(i.str_ucomp), (40 bytes).
    Removing at_mem.o(i.resize_mem), (52 bytes).
    Removing at_system.o(.emb_text), (0 bytes).
    Removing at_arp.o(i.arp_cache_ip), (72 bytes).
    Removing at_arp.o(i.arp_get_adr), (68 bytes).
    Removing at_lib_def.o(i.int_disable_eth), (2 bytes).
    Removing at_lib_def.o(i.int_enable_eth), (2 bytes).
    Removing at_lib_def.o(i.process_hl_udp), (2 bytes).
    Removing dadd.o(.text), (330 bytes).
    Removing ddiv.o(.text), (222 bytes).
    Removing dfixul.o(.text), (48 bytes).
    Removing cdrcmple.o(.text), (40 bytes).

29 unused section(s) (total 1470 bytes) removed from the image.

==============================================================================

Image Symbol Table

    Local Symbols

    Symbol Name                              Value     Ov Type        Size  Object(Section)

    ../../microlib/division.c                0x00000000   Number         0  uidiv.o ABSOLUTE
    ../../microlib/division.c                0x00000000   Number         0  uldiv.o ABSOLUTE
    ../../microlib/fpadd.c                   0x00000000   Number         0  dadd.o ABSOLUTE
    ../../microlib/fpdiv.c                   0x00000000   Number         0  ddiv.o ABSOLUTE
    ../../microlib/fpepilogue.c              0x00000000   Number         0  depilogue.o ABSOLUTE
    ../../microlib/fpfix.c                   0x00000000   Number         0  dfixui.o ABSOLUTE
    ../../microlib/fpfix.c                   0x00000000   Number         0  dfixul.o ABSOLUTE
    ../../microlib/fpflt.c                   0x00000000   Number         0  dflti.o ABSOLUTE
    ../../microlib/fpmul.c                   0x00000000   Number         0  dmul.o ABSOLUTE
    ../../microlib/init/entry.s              0x00000000   Number         0  entry.o ABSOLUTE
    ../../microlib/init/entry.s              0x00000000   Number         0  entry5.o ABSOLUTE
    ../../microlib/init/entry.s              0x00000000   Number         0  entry2.o ABSOLUTE
    ../../microlib/init/entry.s              0x00000000   Number         0  entry7.o ABSOLUTE
    ../../microlib/longlong.c                0x00000000   Number         0  llshl.o ABSOLUTE
    ../../microlib/longlong.c                0x00000000   Number         0  llushr.o ABSOLUTE
    ../../microlib/longlong.c                0x00000000   Number         0  llsshr.o ABSOLUTE
    ../../microlib/printf/printf.c           0x00000000   Number         0  printf6.o ABSOLUTE
    ../../microlib/printf/printf.c           0x00000000   Number         0  printf7.o ABSOLUTE
    ../../microlib/printf/printf.c           0x00000000   Number         0  printf8.o ABSOLUTE
    ../../microlib/printf/printf.c           0x00000000   Number         0  printfb.o ABSOLUTE
    ../../microlib/printf/printf.c           0x00000000   Number         0  printfa.o ABSOLUTE
    ../../microlib/printf/printf.c           0x00000000   Number         0  printf0.o ABSOLUTE
    ../../microlib/printf/printf.c           0x00000000   Number         0  printf1.o ABSOLUTE
    ../../microlib/printf/printf.c           0x00000000   Number         0  printf2.o ABSOLUTE
    ../../microlib/printf/printf.c           0x00000000   Number         0  printf3.o ABSOLUTE
    ../../microlib/printf/printf.c           0x00000000   Number         0  printf4.o ABSOLUTE
    ../../microlib/printf/printf.c           0x00000000   Number         0  printf5.o ABSOLUTE
    ../../microlib/printf/stubs.s            0x00000000   Number         0  stubs.o ABSOLUTE
    ../../microlib/stdio/streams.c           0x00000000   Number         0  stdout.o ABSOLUTE
    ../../microlib/string/strlen.c           0x00000000   Number         0  strlen.o ABSOLUTE
    ../../microlib/stubs.s                   0x00000000   Number         0  iusefp.o ABSOLUTE
    ..\Library\ETH_STM32x.c                  0x00000000   Number         0  eth_stm32x.o ABSOLUTE
    ..\Library\GLCD_SPI_STM32.c              0x00000000   Number         0  glcd_spi_stm32.o ABSOLUTE
    ..\Library\system_stm32f10x_cl.c         0x00000000   Number         0  system_stm32f10x_cl.o ABSOLUTE
    ..\\Library\\ETH_STM32x.c                0x00000000   Number         0  eth_stm32x.o ABSOLUTE
    ..\\Library\\GLCD_SPI_STM32.c            0x00000000   Number         0  glcd_spi_stm32.o ABSOLUTE
    ..\\Library\\system_stm32f10x_cl.c       0x00000000   Number         0  system_stm32f10x_cl.o ABSOLUTE
    Net_Config.c                             0x00000000   Number         0  net_config.o ABSOLUTE
    RL_ARM.s                                 0x00000000   Number         0  at_nbns.o ABSOLUTE
    RL_ARM.s                                 0x00000000   Number         0  at_lib.o ABSOLUTE
    RL_ARM.s                                 0x00000000   Number         0  at_lib_def.o ABSOLUTE
    RL_ARM.s                                 0x00000000   Number         0  at_icmp.o ABSOLUTE
    RL_ARM.s                                 0x00000000   Number         0  at_ethernet.o ABSOLUTE
    RL_ARM.s                                 0x00000000   Number         0  at_ip.o ABSOLUTE
    RL_ARM.s                                 0x00000000   Number         0  at_snmp.o ABSOLUTE
    RL_ARM.s                                 0x00000000   Number         0  at_mem.o ABSOLUTE
    RL_ARM.s                                 0x00000000   Number         0  at_system.o ABSOLUTE
    RL_ARM.s                                 0x00000000   Number         0  at_arp.o ABSOLUTE
    RL_ARM.s                                 0x00000000   Number         0  at_udp.o ABSOLUTE
    RL_ARM.s                                 0x00000000   Number         0  at_dhcp.o ABSOLUTE
    SNMP_MIB.c                               0x00000000   Number         0  snmp_mib.o ABSOLUTE
    SNMP_demo.c                              0x00000000   Number         0  snmp_demo.o ABSOLUTE
    SNMP_demo.c                              0x00000000   Number         0  snmp_demo.o ABSOLUTE
    SRC\\at_System.c                         0x00000000   Number         0  at_system.o ABSOLUTE
    SRC\at_ARP.c                             0x00000000   Number         0  at_arp.o ABSOLUTE
    SRC\at_DHCP.c                            0x00000000   Number         0  at_dhcp.o ABSOLUTE
    SRC\at_Ethernet.c                        0x00000000   Number         0  at_ethernet.o ABSOLUTE
    SRC\at_ICMP.c                            0x00000000   Number         0  at_icmp.o ABSOLUTE
    SRC\at_IP.c                              0x00000000   Number         0  at_ip.o ABSOLUTE
    SRC\at_Lib.c                             0x00000000   Number         0  at_lib.o ABSOLUTE
    SRC\at_Lib_def.c                         0x00000000   Number         0  at_lib_def.o ABSOLUTE
    SRC\at_Mem.c                             0x00000000   Number         0  at_mem.o ABSOLUTE
    SRC\at_NBNS.c                            0x00000000   Number         0  at_nbns.o ABSOLUTE
    SRC\at_SNMP.c                            0x00000000   Number         0  at_snmp.o ABSOLUTE
    SRC\at_System.c                          0x00000000   Number         0  at_system.o ABSOLUTE
    SRC\at_UDP.c                             0x00000000   Number         0  at_udp.o ABSOLUTE
    cdrcmple.s                               0x00000000   Number         0  cdrcmple.o ABSOLUTE
    dc.s                                     0x00000000   Number         0  dc.o ABSOLUTE
    handlers.s                               0x00000000   Number         0  handlers.o ABSOLUTE
    init.s                                   0x00000000   Number         0  init.o ABSOLUTE
    startup_stm32f10x_cl.s                   0x00000000   Number         0  startup_stm32f10x_cl.o ABSOLUTE
    RESET                                    0x08000000   Section      336  startup_stm32f10x_cl.o(RESET)
    .ARM.Collect$$$$00000000                 0x08000150   Section        0  entry.o(.ARM.Collect$$$$00000000)
    .ARM.Collect$$$$00000001                 0x08000150   Section        4  entry2.o(.ARM.Collect$$$$00000001)
    .ARM.Collect$$$$00000004                 0x08000154   Section        4  entry5.o(.ARM.Collect$$$$00000004)
    .ARM.Collect$$$$00000007                 0x08000158   Section        8  entry7.o(.ARM.Collect$$$$00000007)
    .ARM.Collect$$$$00002712                 0x08000160   Section        4  entry2.o(.ARM.Collect$$$$00002712)
    __lit__00000000                          0x08000160   Data           4  entry2.o(.ARM.Collect$$$$00002712)
    .text                                    0x08000164   Section        0  snmp_demo.o(.text)
    init                                     0x08000165   Thumb Code   286  snmp_demo.o(.text)
    dhcp_check                               0x08000357   Thumb Code   134  snmp_demo.o(.text)
    .text                                    0x08000500   Section        0  snmp_mib.o(.text)
    write_leds                               0x08000501   Thumb Code    14  snmp_mib.o(.text)
    read_key                                 0x0800050f   Thumb Code    16  snmp_mib.o(.text)
    upd_display                              0x0800051f   Thumb Code    10  snmp_mib.o(.text)
    read_adc                                 0x08000529   Thumb Code    16  snmp_mib.o(.text)
    .text                                    0x08000540   Section        0  net_config.o(.text)
    .text                                    0x08000580   Section       28  startup_stm32f10x_cl.o(.text)
    Default_Handler                          0x08000597   Thumb Code     2  startup_stm32f10x_cl.o(.text)
    .text                                    0x0800059c   Section        0  eth_stm32x.o(.text)
    rx_descr_init                            0x08000827   Thumb Code    70  eth_stm32x.o(.text)
    read_PHY                                 0x0800086d   Thumb Code    36  eth_stm32x.o(.text)
    write_PHY                                0x08000891   Thumb Code    34  eth_stm32x.o(.text)
    .text                                    0x08000900   Section        0  system_stm32f10x_cl.o(.text)
    .text                                    0x08000a3c   Section        0  glcd_spi_stm32.o(.text)
    delay                                    0x080010d9   Thumb Code     8  glcd_spi_stm32.o(.text)
    spi_send                                 0x080010e1   Thumb Code    18  glcd_spi_stm32.o(.text)
    wr_cmd                                   0x080010f3   Thumb Code    38  glcd_spi_stm32.o(.text)
    wr_dat                                   0x08001119   Thumb Code    38  glcd_spi_stm32.o(.text)
    wr_dat_start                             0x0800113f   Thumb Code    14  glcd_spi_stm32.o(.text)
    wr_dat_only                              0x0800114d   Thumb Code    18  glcd_spi_stm32.o(.text)
    wr_reg                                   0x0800115f   Thumb Code    16  glcd_spi_stm32.o(.text)
    .text                                    0x08001184   Section        0  strlen.o(.text)
    .text                                    0x08001194   Section        0  dmul.o(.text)
    .text                                    0x08001274   Section        0  dflti.o(.text)
    .text                                    0x08001296   Section        0  dfixui.o(.text)
    .text                                    0x080012c4   Section        0  uidiv.o(.text)
    .text                                    0x080012f0   Section        0  llushr.o(.text)
    .text                                    0x08001310   Section        0  iusefp.o(.text)
    .text                                    0x08001310   Section        0  depilogue.o(.text)
    .text                                    0x080013d4   Section       36  init.o(.text)
    .text                                    0x080013f8   Section        0  llshl.o(.text)
    i.CalcChksum                             0x08001416   Section        0  at_lib.o(i.CalcChksum)
    i.CalcChksumBuf                          0x08001428   Section        0  at_lib.o(i.CalcChksumBuf)
    i.CalcChksumVal                          0x08001450   Section        0  at_lib.o(i.CalcChksumVal)
    i.__0sprintf$1                           0x0800145c   Section        0  printf1.o(i.__0sprintf$1)
    i.__scatterload_copy                     0x08001484   Section       14  handlers.o(i.__scatterload_copy)
    i.__scatterload_null                     0x08001492   Section        2  handlers.o(i.__scatterload_null)
    i.__scatterload_zeroinit                 0x08001494   Section       14  handlers.o(i.__scatterload_zeroinit)
    i._printf_core                           0x080014a4   Section        0  printf1.o(i._printf_core)
    _printf_core                             0x080014a5   Thumb Code   332  printf1.o(i._printf_core)
    i._sputc                                 0x080015f4   Section        0  printf1.o(i._sputc)
    _sputc                                   0x080015f5   Thumb Code    10  printf1.o(i._sputc)
    i.add_object                             0x08001600   Section        0  at_snmp.o(i.add_object)
    add_object                               0x08001601   Thumb Code   230  at_snmp.o(i.add_object)
    i.alloc_mem                              0x080016ec   Section        0  at_mem.o(i.alloc_mem)
    i.arp_cache_add                          0x08001790   Section        0  at_arp.o(i.arp_cache_add)
    i.arp_cache_alloc                        0x08001854   Section        0  at_arp.o(i.arp_cache_alloc)
    arp_cache_alloc                          0x08001855   Thumb Code    96  at_arp.o(i.arp_cache_alloc)
    i.arp_cache_find                         0x080018c0   Section        0  at_arp.o(i.arp_cache_find)
    i.arp_cache_update                       0x080019d8   Section        0  at_arp.o(i.arp_cache_update)
    i.arp_get_response                       0x08001ad0   Section        0  at_arp.o(i.arp_get_response)
    arp_get_response                         0x08001ad1   Thumb Code    86  at_arp.o(i.arp_get_response)
    i.arp_send_reply                         0x08001b38   Section        0  at_arp.o(i.arp_send_reply)
    arp_send_reply                           0x08001b39   Thumb Code   164  at_arp.o(i.arp_send_reply)
    i.arp_send_req                           0x08001be4   Section        0  at_arp.o(i.arp_send_req)
    i.bind_tlv                               0x08001c9c   Section        0  at_snmp.o(i.bind_tlv)
    bind_tlv                                 0x08001c9d   Thumb Code    68  at_snmp.o(i.bind_tlv)
    i.bind_val                               0x08001ce0   Section        0  at_snmp.o(i.bind_val)
    bind_val                                 0x08001ce1   Thumb Code    62  at_snmp.o(i.bind_val)
    i.dhcp_disable                           0x08001d20   Section        0  at_dhcp.o(i.dhcp_disable)
    i.dhcp_listener                          0x08001d50   Section        0  at_dhcp.o(i.dhcp_listener)
    dhcp_listener                            0x08001d51   Thumb Code   494  at_dhcp.o(i.dhcp_listener)
    i.dhcp_send_message                      0x08001f50   Section        0  at_dhcp.o(i.dhcp_send_message)
    dhcp_send_message                        0x08001f51   Thumb Code   474  at_dhcp.o(i.dhcp_send_message)
    i.eth_chk_adr                            0x0800214c   Section        0  at_ethernet.o(i.eth_chk_adr)
    i.eth_send_frame                         0x0800215c   Section        0  at_ethernet.o(i.eth_send_frame)
    i.free_mem                               0x080021fc   Section        0  at_mem.o(i.free_mem)
    i.get_crc                                0x08002264   Section        0  at_lib.o(i.get_crc)
    i.get_u32                                0x0800228c   Section        0  at_lib.o(i.get_u32)
    i.get_value                              0x080022a2   Section        0  at_snmp.o(i.get_value)
    get_value                                0x080022a3   Thumb Code    42  at_snmp.o(i.get_value)
    i.ilen                                   0x080022cc   Section        0  at_snmp.o(i.ilen)
    ilen                                     0x080022cd   Thumb Code    12  at_snmp.o(i.ilen)
    i.init_TcpNet                            0x080022d8   Section        0  at_system.o(i.init_TcpNet)
    i.init_arp                               0x08002310   Section        0  at_arp.o(i.init_arp)
    i.init_dhcp                              0x08002338   Section        0  at_dhcp.o(i.init_dhcp)
    i.init_eth_link                          0x0800239c   Section        0  at_ethernet.o(i.init_eth_link)
    i.init_mem                               0x080023c0   Section        0  at_mem.o(i.init_mem)
    i.init_nbns                              0x080023e4   Section        0  at_nbns.o(i.init_nbns)
    i.init_snmp                              0x0800240c   Section        0  at_snmp.o(i.init_snmp)
    i.init_udp                               0x08002468   Section        0  at_udp.o(i.init_udp)
    i.ip_chk_frame                           0x08002484   Section        0  at_ip.o(i.ip_chk_frame)
    i.ip_get_chksum                          0x0800254c   Section        0  at_ip.o(i.ip_get_chksum)
    ip_get_chksum                            0x0800254d   Thumb Code    10  at_ip.o(i.ip_get_chksum)
    i.ip_get_locadr                          0x08002558   Section        0  at_ip.o(i.ip_get_locadr)
    i.ip_send_frame                          0x080025f4   Section        0  at_ip.o(i.ip_send_frame)
    i.is_subnet                              0x08002684   Section        0  at_lib.o(i.is_subnet)
    i.is_subnet_bcast                        0x080026a8   Section        0  at_arp.o(i.is_subnet_bcast)
    i.main_TcpNet                            0x080026d4   Section        0  at_system.o(i.main_TcpNet)
    i.mem_comp                               0x08002710   Section        0  at_lib.o(i.mem_comp)
    i.mem_copy                               0x08002730   Section        0  at_lib.o(i.mem_copy)
    i.mem_set                                0x0800274c   Section        0  at_lib.o(i.mem_set)
    i.mem_test                               0x0800275c   Section        0  at_lib.o(i.mem_test)
    i.mib_find                               0x08002774   Section        0  at_snmp.o(i.mib_find)
    mib_find                                 0x08002775   Thumb Code   116  at_snmp.o(i.mib_find)
    i.mib_write                              0x080027f4   Section        0  at_snmp.o(i.mib_write)
    mib_write                                0x080027f5   Thumb Code   122  at_snmp.o(i.mib_write)
    i.nbns_listener                          0x08002874   Section        0  at_nbns.o(i.nbns_listener)
    nbns_listener                            0x08002875   Thumb Code   316  at_nbns.o(i.nbns_listener)
    i.parse_tlv                              0x080029c0   Section        0  at_snmp.o(i.parse_tlv)
    parse_tlv                                0x080029c1   Thumb Code   108  at_snmp.o(i.parse_tlv)
    i.proc_opt_renew                         0x08002a2c   Section        0  at_dhcp.o(i.proc_opt_renew)
    proc_opt_renew                           0x08002a2d   Thumb Code    98  at_dhcp.o(i.proc_opt_renew)
    i.proc_opt_req                           0x08002a94   Section        0  at_dhcp.o(i.proc_opt_req)
    proc_opt_req                             0x08002a95   Thumb Code   162  at_dhcp.o(i.proc_opt_req)
    i.proc_opt_sel                           0x08002b40   Section        0  at_dhcp.o(i.proc_opt_sel)
    proc_opt_sel                             0x08002b41   Thumb Code    48  at_dhcp.o(i.proc_opt_sel)
    i.process_arp                            0x08002b74   Section        0  at_arp.o(i.process_arp)
    i.process_hl_tcp                         0x08002c18   Section        0  at_lib_def.o(i.process_hl_tcp)
    i.process_icmp                           0x08002c1a   Section        0  at_icmp.o(i.process_icmp)
    i.process_udp                            0x08002c90   Section        0  at_udp.o(i.process_udp)
    i.put_in_queue                           0x08002d4c   Section        0  at_ethernet.o(i.put_in_queue)
    i.run_dhcp_client                        0x08002d78   Section        0  at_dhcp.o(i.run_dhcp_client)
    i.run_eth_link                           0x08002e94   Section        0  at_ethernet.o(i.run_eth_link)
    i.run_snmp_agent                         0x08002f4c   Section        0  at_snmp.o(i.run_snmp_agent)
    i.set_u16                                0x08002f7c   Section        0  at_lib.o(i.set_u16)
    i.set_u32                                0x08002f84   Section        0  at_lib.o(i.set_u32)
    i.set_value                              0x08002f94   Section        0  at_snmp.o(i.set_value)
    set_value                                0x08002f95   Thumb Code    54  at_snmp.o(i.set_value)
    i.snmp_listener                          0x08002fcc   Section        0  at_snmp.o(i.snmp_listener)
    snmp_listener                            0x08002fcd   Thumb Code   786  at_snmp.o(i.snmp_listener)
    i.snmp_trap                              0x080032e8   Section        0  at_snmp.o(i.snmp_trap)
    i.str_copy                               0x08003548   Section        0  at_lib.o(i.str_copy)
    i.str_up_case                            0x0800355e   Section        0  at_lib.o(i.str_up_case)
    i.timer_tick                             0x08003578   Section        0  at_system.o(i.timer_tick)
    i.udp_close                              0x08003584   Section        0  at_udp.o(i.udp_close)
    i.udp_get_buf                            0x080035b0   Section        0  at_udp.o(i.udp_get_buf)
    i.udp_get_socket                         0x080035c0   Section        0  at_udp.o(i.udp_get_socket)
    i.udp_open                               0x08003608   Section        0  at_udp.o(i.udp_open)
    i.udp_release_socket                     0x08003684   Section        0  at_udp.o(i.udp_release_socket)
    i.udp_send                               0x080036b4   Section        0  at_udp.o(i.udp_send)
    i.ulen                                   0x080037b8   Section        0  at_snmp.o(i.ulen)
    ulen                                     0x080037b9   Thumb Code    20  at_snmp.o(i.ulen)
    .constdata                               0x080037cc   Section        1  snmp_mib.o(.constdata)
    sysServices                              0x080037cc   Data           1  snmp_mib.o(.constdata)
    .constdata                               0x080037d0   Section      288  snmp_mib.o(.constdata)
    .constdata                               0x080038f0   Section        4  snmp_mib.o(.constdata)
    .constdata                               0x080038f4   Section       60  net_config.o(.constdata)
    .constdata                               0x08003930   Section        1  net_config.o(.constdata)
    .constdata                               0x08003934   Section        4  net_config.o(.constdata)
    .constdata                               0x08003938   Section        2  net_config.o(.constdata)
    .constdata                               0x0800393a   Section        2  net_config.o(.constdata)
    .constdata                               0x0800393c   Section        2  net_config.o(.constdata)
    .constdata                               0x0800393e   Section        1  net_config.o(.constdata)
    .constdata                               0x0800393f   Section        1  net_config.o(.constdata)
    .constdata                               0x08003940   Section        1  net_config.o(.constdata)
    .constdata                               0x08003941   Section        1  net_config.o(.constdata)
    .constdata                               0x08003942   Section        2  net_config.o(.constdata)
    .constdata                               0x08003944   Section        2  net_config.o(.constdata)
    .constdata                               0x08003946   Section        1  net_config.o(.constdata)
    .constdata                               0x08003947   Section        7  net_config.o(.constdata)
    .constdata                               0x0800394e   Section        4  net_config.o(.constdata)
    .constdata                               0x08003952   Section     6272  glcd_spi_stm32.o(.constdata)
    .constdata                               0x080051d2   Section        8  at_nbns.o(.constdata)
    nbns_ttllen                              0x080051d2   Data           8  at_nbns.o(.constdata)
    .constdata                               0x080051da   Section        6  at_ethernet.o(.constdata)
    .constdata                               0x080051e0   Section        4  at_ip.o(.constdata)
    .conststring                             0x080051e4   Section       63  snmp_mib.o(.conststring)
    .conststrlit                             0x08005223   Section        9  snmp_mib.o(.conststrlit)
    .data                                    0x20000000   Section       46  snmp_demo.o(.data)
    .data                                    0x2000002e   Section        4  snmp_mib.o(.data)
    LedOut                                   0x2000002e   Data           1  snmp_mib.o(.data)
    KeyIn                                    0x2000002f   Data           1  snmp_mib.o(.data)
    AdcIn                                    0x20000030   Data           2  snmp_mib.o(.data)
    .data                                    0x20000032   Section       16  net_config.o(.data)
    .data                                    0x20000042   Section        6  net_config.o(.data)
    .data                                    0x20000048   Section        2  eth_stm32x.o(.data)
    TxBufIndex                               0x20000048   Data           1  eth_stm32x.o(.data)
    RxBufIndex                               0x20000049   Data           1  eth_stm32x.o(.data)
    .data                                    0x2000004c   Section       20  system_stm32f10x_cl.o(.data)
    .data                                    0x20000060   Section        6  glcd_spi_stm32.o(.data)
    TextColor                                0x20000060   Data           2  glcd_spi_stm32.o(.data)
    BackColor                                0x20000062   Data           2  glcd_spi_stm32.o(.data)
    driverCode                               0x20000064   Data           2  glcd_spi_stm32.o(.data)
    .data                                    0x20000066   Section        2  at_udp.o(.data)
    port                                     0x20000066   Data           2  at_udp.o(.data)
    .data                                    0x20000068   Section        1  at_nbns.o(.data)
    nbns_Socket                              0x20000068   Data           1  at_nbns.o(.data)
    .data                                    0x2000006c   Section        4  at_snmp.o(.data)
    .data                                    0x20000070   Section        8  at_ethernet.o(.data)
    q_head                                   0x20000070   Data           4  at_ethernet.o(.data)
    q_tail                                   0x20000074   Data           4  at_ethernet.o(.data)
    .data                                    0x20000078   Section        4  at_mem.o(.data)
    Mem_Load                                 0x20000078   Data           4  at_mem.o(.data)
    .data                                    0x2000007c   Section        8  at_system.o(.data)
    tick_fl                                  0x2000007e   Data           1  at_system.o(.data)
    sec_cnt                                  0x20000082   Data           2  at_system.o(.data)
    .data                                    0x20000084   Section        2  at_arp.o(.data)
    next_entry                               0x20000084   Data           2  at_arp.o(.data)
    .data                                    0x20000086   Section        4  at_ip.o(.data)
    netif                                    0x20000086   Data           1  at_ip.o(.data)
    ip_id                                    0x20000088   Data           2  at_ip.o(.data)
    .bss                                     0x2000008c   Section     8192  net_config.o(.bss)
    .bss                                     0x2000208c   Section      140  net_config.o(.bss)
    .bss                                     0x20002118   Section       36  net_config.o(.bss)
    .bss                                     0x2000213c   Section     9312  eth_stm32x.o(.bss)
    Rx_Desc                                  0x2000213c   Data          64  eth_stm32x.o(.bss)
    Tx_Desc                                  0x2000217c   Data          32  eth_stm32x.o(.bss)
    rx_buf                                   0x2000219c   Data        6144  eth_stm32x.o(.bss)
    tx_buf                                   0x2000399c   Data        3072  eth_stm32x.o(.bss)
    .bss                                     0x2000459c   Section       28  at_dhcp.o(.bss)
    dhcp_session                             0x2000459c   Data          28  at_dhcp.o(.bss)
    .bss                                     0x200045b8   Section       28  at_snmp.o(.bss)
    snmp_session                             0x200045b8   Data          28  at_snmp.o(.bss)
    .bss                                     0x200045d4   Section      128  at_ethernet.o(.bss)
    rx_queue                                 0x200045d4   Data         128  at_ethernet.o(.bss)
    .bss                                     0x20004654   Section       60  at_system.o(.bss)
    STACK                                    0x20004690   Section      512  startup_stm32f10x_cl.o(STACK)

    Global Symbols

    Symbol Name                              Value     Ov Type        Size  Object(Section)

    BuildAttributes$$THM_ISAv4$P$D$K$B$S$PE$A:L22UL41UL21$X:L11$S22US41US21$IEEE1$IW$USESV6$~STKCKD$USESV7$~SHL$OSPACE$ROPI$EBA8$MICROLIB$REQ8$PRES8$EABIv2 0x00000000   Number         0  anon$$obj.o ABSOLUTE
    __ARM_use_no_argv                        0x00000000   Number         0  snmp_demo.o ABSOLUTE
    _printf_a                                0x00000000   Number         0  stubs.o ABSOLUTE
    _printf_c                                0x00000000   Number         0  stubs.o ABSOLUTE
    _printf_charcount                        0x00000000   Number         0  stubs.o ABSOLUTE
    _printf_d                                0x00000000   Number         0  stubs.o ABSOLUTE
    _printf_e                                0x00000000   Number         0  stubs.o ABSOLUTE
    _printf_f                                0x00000000   Number         0  stubs.o ABSOLUTE
    _printf_flags                            0x00000000   Number         0  stubs.o ABSOLUTE
    _printf_fp_dec                           0x00000000   Number         0  stubs.o ABSOLUTE
    _printf_fp_hex                           0x00000000   Number         0  stubs.o ABSOLUTE
    _printf_g                                0x00000000   Number         0  stubs.o ABSOLUTE
    _printf_i                                0x00000000   Number         0  stubs.o ABSOLUTE
    _printf_int_dec                          0x00000000   Number         0  stubs.o ABSOLUTE
    _printf_l                                0x00000000   Number         0  stubs.o ABSOLUTE
    _printf_lc                               0x00000000   Number         0  stubs.o ABSOLUTE
    _printf_ll                               0x00000000   Number         0  stubs.o ABSOLUTE
    _printf_lld                              0x00000000   Number         0  stubs.o ABSOLUTE
    _printf_lli                              0x00000000   Number         0  stubs.o ABSOLUTE
    _printf_llo                              0x00000000   Number         0  stubs.o ABSOLUTE
    _printf_llu                              0x00000000   Number         0  stubs.o ABSOLUTE
    _printf_llx                              0x00000000   Number         0  stubs.o ABSOLUTE
    _printf_longlong_dec                     0x00000000   Number         0  stubs.o ABSOLUTE
    _printf_longlong_hex                     0x00000000   Number         0  stubs.o ABSOLUTE
    _printf_longlong_oct                     0x00000000   Number         0  stubs.o ABSOLUTE
    _printf_ls                               0x00000000   Number         0  stubs.o ABSOLUTE
    _printf_mbtowc                           0x00000000   Number         0  stubs.o ABSOLUTE
    _printf_n                                0x00000000   Number         0  stubs.o ABSOLUTE
    _printf_o                                0x00000000   Number         0  stubs.o ABSOLUTE
    _printf_p                                0x00000000   Number         0  stubs.o ABSOLUTE
    _printf_percent                          0x00000000   Number         0  stubs.o ABSOLUTE
    _printf_pre_padding                      0x00000000   Number         0  stubs.o ABSOLUTE
    _printf_return_value                     0x00000000   Number         0  stubs.o ABSOLUTE
    _printf_s                                0x00000000   Number         0  stubs.o ABSOLUTE
    _printf_sizespec                         0x00000000   Number         0  stubs.o ABSOLUTE
    _printf_str                              0x00000000   Number         0  stubs.o ABSOLUTE
    _printf_truncate_signed                  0x00000000   Number         0  stubs.o ABSOLUTE
    _printf_truncate_unsigned                0x00000000   Number         0  stubs.o ABSOLUTE
    _printf_u                                0x00000000   Number         0  stubs.o ABSOLUTE
    _printf_wc                               0x00000000   Number         0  stubs.o ABSOLUTE
    _printf_wctomb                           0x00000000   Number         0  stubs.o ABSOLUTE
    _printf_widthprec                        0x00000000   Number         0  stubs.o ABSOLUTE
    _printf_x                                0x00000000   Number         0  stubs.o ABSOLUTE
    __decompress                              - Undefined Weak Reference
    arp_notify                                - Undefined Weak Reference
    poll_ethernet                             - Undefined Weak Reference
    process_hl_igmp                           - Undefined Weak Reference
    __Vectors_Size                           0x00000150   Number         0  startup_stm32f10x_cl.o ABSOLUTE
    __RL_TCP_VER                             0x00000421   Number         0  at_system.o ABSOLUTE
    __Vectors                                0x08000000   Data           4  startup_stm32f10x_cl.o(RESET)
    __Vectors_End                            0x08000150   Data           0  startup_stm32f10x_cl.o(RESET)
    __main                                   0x08000151   Thumb Code     0  entry.o(.ARM.Collect$$$$00000000)
    _main_stk                                0x08000151   Thumb Code     0  entry2.o(.ARM.Collect$$$$00000001)
    _main_scatterload                        0x08000155   Thumb Code     0  entry5.o(.ARM.Collect$$$$00000004)
    __main_after_scatterload                 0x08000159   Thumb Code     0  entry5.o(.ARM.Collect$$$$00000004)
    _main_init                               0x08000159   Thumb Code     0  entry7.o(.ARM.Collect$$$$00000007)
    fputc                                    0x08000283   Thumb Code    32  snmp_demo.o(.text)
    LED_out                                  0x080002a3   Thumb Code    18  snmp_demo.o(.text)
    get_button                               0x080002b5   Thumb Code    98  snmp_demo.o(.text)
    get_adc                                  0x08000317   Thumb Code    12  snmp_demo.o(.text)
    send_trap_message                        0x08000323   Thumb Code    52  snmp_demo.o(.text)
    main                                     0x080003dd   Thumb Code   150  snmp_demo.o(.text)
    sys_error                                0x08000541   Thumb Code     2  net_config.o(.text)
    init_system                              0x08000543   Thumb Code    26  net_config.o(.text)
    run_system                               0x0800055d   Thumb Code    18  net_config.o(.text)
    process_hl_udp                           0x0800056f   Thumb Code     4  net_config.o(.text)
    dispatch_frame                           0x08000573   Thumb Code    10  net_config.o(.text)
    igmp_is_member                           0x0800057d   Thumb Code     4  net_config.o(.text)
    Reset_Handler                            0x08000581   Thumb Code     4  startup_stm32f10x_cl.o(.text)
    NMI_Handler                              0x08000585   Thumb Code     2  startup_stm32f10x_cl.o(.text)
    HardFault_Handler                        0x08000587   Thumb Code     2  startup_stm32f10x_cl.o(.text)
    MemManage_Handler                        0x08000589   Thumb Code     2  startup_stm32f10x_cl.o(.text)
    BusFault_Handler                         0x0800058b   Thumb Code     2  startup_stm32f10x_cl.o(.text)
    UsageFault_Handler                       0x0800058d   Thumb Code     2  startup_stm32f10x_cl.o(.text)
    SVC_Handler                              0x0800058f   Thumb Code     2  startup_stm32f10x_cl.o(.text)
    DebugMon_Handler                         0x08000591   Thumb Code     2  startup_stm32f10x_cl.o(.text)
    PendSV_Handler                           0x08000593   Thumb Code     2  startup_stm32f10x_cl.o(.text)
    SysTick_Handler                          0x08000595   Thumb Code     2  startup_stm32f10x_cl.o(.text)
    ADC1_2_IRQHandler                        0x08000597   Thumb Code     0  startup_stm32f10x_cl.o(.text)
    CAN1_RX0_IRQHandler                      0x08000597   Thumb Code     0  startup_stm32f10x_cl.o(.text)
    CAN1_RX1_IRQHandler                      0x08000597   Thumb Code     0  startup_stm32f10x_cl.o(.text)
    CAN1_SCE_IRQHandler                      0x08000597   Thumb Code     0  startup_stm32f10x_cl.o(.text)
    CAN1_TX_IRQHandler                       0x08000597   Thumb Code     0  startup_stm32f10x_cl.o(.text)
    CAN2_RX0_IRQHandler                      0x08000597   Thumb Code     0  startup_stm32f10x_cl.o(.text)
    CAN2_RX1_IRQHandler                      0x08000597   Thumb Code     0  startup_stm32f10x_cl.o(.text)
    CAN2_SCE_IRQHandler                      0x08000597   Thumb Code     0  startup_stm32f10x_cl.o(.text)
    CAN2_TX_IRQHandler                       0x08000597   Thumb Code     0  startup_stm32f10x_cl.o(.text)
    DMA1_Channel1_IRQHandler                 0x08000597   Thumb Code     0  startup_stm32f10x_cl.o(.text)
    DMA1_Channel2_IRQHandler                 0x08000597   Thumb Code     0  startup_stm32f10x_cl.o(.text)
    DMA1_Channel3_IRQHandler                 0x08000597   Thumb Code     0  startup_stm32f10x_cl.o(.text)
    DMA1_Channel4_IRQHandler                 0x08000597   Thumb Code     0  startup_stm32f10x_cl.o(.text)
    DMA1_Channel5_IRQHandler                 0x08000597   Thumb Code     0  startup_stm32f10x_cl.o(.text)
    DMA1_Channel6_IRQHandler                 0x08000597   Thumb Code     0  startup_stm32f10x_cl.o(.text)
    DMA1_Channel7_IRQHandler                 0x08000597   Thumb Code     0  startup_stm32f10x_cl.o(.text)
    DMA2_Channel1_IRQHandler                 0x08000597   Thumb Code     0  startup_stm32f10x_cl.o(.text)
    DMA2_Channel2_IRQHandler                 0x08000597   Thumb Code     0  startup_stm32f10x_cl.o(.text)
    DMA2_Channel3_IRQHandler                 0x08000597   Thumb Code     0  startup_stm32f10x_cl.o(.text)
    DMA2_Channel4_IRQHandler                 0x08000597   Thumb Code     0  startup_stm32f10x_cl.o(.text)
    DMA2_Channel5_IRQHandler                 0x08000597   Thumb Code     0  startup_stm32f10x_cl.o(.text)
    ETH_WKUP_IRQHandler                      0x08000597   Thumb Code     0  startup_stm32f10x_cl.o(.text)
    EXTI0_IRQHandler                         0x08000597   Thumb Code     0  startup_stm32f10x_cl.o(.text)
    EXTI15_10_IRQHandler                     0x08000597   Thumb Code     0  startup_stm32f10x_cl.o(.text)
    EXTI1_IRQHandler                         0x08000597   Thumb Code     0  startup_stm32f10x_cl.o(.text)
    EXTI2_IRQHandler                         0x08000597   Thumb Code     0  startup_stm32f10x_cl.o(.text)
    EXTI3_IRQHandler                         0x08000597   Thumb Code     0  startup_stm32f10x_cl.o(.text)
    EXTI4_IRQHandler                         0x08000597   Thumb Code     0  startup_stm32f10x_cl.o(.text)
    EXTI9_5_IRQHandler                       0x08000597   Thumb Code     0  startup_stm32f10x_cl.o(.text)
    FLASH_IRQHandler                         0x08000597   Thumb Code     0  startup_stm32f10x_cl.o(.text)
    I2C1_ER_IRQHandler                       0x08000597   Thumb Code     0  startup_stm32f10x_cl.o(.text)
    I2C1_EV_IRQHandler                       0x08000597   Thumb Code     0  startup_stm32f10x_cl.o(.text)
    I2C2_ER_IRQHandler                       0x08000597   Thumb Code     0  startup_stm32f10x_cl.o(.text)
    I2C2_EV_IRQHandler                       0x08000597   Thumb Code     0  startup_stm32f10x_cl.o(.text)
    OTG_FS_IRQHandler                        0x08000597   Thumb Code     0  startup_stm32f10x_cl.o(.text)
    OTG_FS_WKUP_IRQHandler                   0x08000597   Thumb Code     0  startup_stm32f10x_cl.o(.text)
    PVD_IRQHandler                           0x08000597   Thumb Code     0  startup_stm32f10x_cl.o(.text)
    RCC_IRQHandler                           0x08000597   Thumb Code     0  startup_stm32f10x_cl.o(.text)
    RTCAlarm_IRQHandler                      0x08000597   Thumb Code     0  startup_stm32f10x_cl.o(.text)
    RTC_IRQHandler                           0x08000597   Thumb Code     0  startup_stm32f10x_cl.o(.text)
    SPI1_IRQHandler                          0x08000597   Thumb Code     0  startup_stm32f10x_cl.o(.text)
    SPI2_IRQHandler                          0x08000597   Thumb Code     0  startup_stm32f10x_cl.o(.text)
    SPI3_IRQHandler                          0x08000597   Thumb Code     0  startup_stm32f10x_cl.o(.text)
    TAMPER_IRQHandler                        0x08000597   Thumb Code     0  startup_stm32f10x_cl.o(.text)
    TIM1_BRK_IRQHandler                      0x08000597   Thumb Code     0  startup_stm32f10x_cl.o(.text)
    TIM1_CC_IRQHandler                       0x08000597   Thumb Code     0  startup_stm32f10x_cl.o(.text)
    TIM1_TRG_COM_IRQHandler                  0x08000597   Thumb Code     0  startup_stm32f10x_cl.o(.text)
    TIM1_UP_IRQHandler                       0x08000597   Thumb Code     0  startup_stm32f10x_cl.o(.text)
    TIM2_IRQHandler                          0x08000597   Thumb Code     0  startup_stm32f10x_cl.o(.text)
    TIM3_IRQHandler                          0x08000597   Thumb Code     0  startup_stm32f10x_cl.o(.text)
    TIM4_IRQHandler                          0x08000597   Thumb Code     0  startup_stm32f10x_cl.o(.text)
    TIM5_IRQHandler                          0x08000597   Thumb Code     0  startup_stm32f10x_cl.o(.text)
    TIM6_IRQHandler                          0x08000597   Thumb Code     0  startup_stm32f10x_cl.o(.text)
    TIM7_IRQHandler                          0x08000597   Thumb Code     0  startup_stm32f10x_cl.o(.text)
    UART4_IRQHandler                         0x08000597   Thumb Code     0  startup_stm32f10x_cl.o(.text)
    UART5_IRQHandler                         0x08000597   Thumb Code     0  startup_stm32f10x_cl.o(.text)
    USART1_IRQHandler                        0x08000597   Thumb Code     0  startup_stm32f10x_cl.o(.text)
    USART2_IRQHandler                        0x08000597   Thumb Code     0  startup_stm32f10x_cl.o(.text)
    USART3_IRQHandler                        0x08000597   Thumb Code     0  startup_stm32f10x_cl.o(.text)
    WWDG_IRQHandler                          0x08000597   Thumb Code     0  startup_stm32f10x_cl.o(.text)
    init_ethernet                            0x0800059d   Thumb Code   404  eth_stm32x.o(.text)
    int_enable_eth                           0x08000731   Thumb Code    10  eth_stm32x.o(.text)
    int_disable_eth                          0x0800073b   Thumb Code    10  eth_stm32x.o(.text)
    send_frame                               0x08000745   Thumb Code    76  eth_stm32x.o(.text)
    ETH_IRQHandler                           0x08000791   Thumb Code   150  eth_stm32x.o(.text)
    SystemInit                               0x08000901   Thumb Code   274  system_stm32f10x_cl.o(.text)
    GLCD_Init                                0x08000a3d   Thumb Code   808  glcd_spi_stm32.o(.text)
    GLCD_SetWindow                           0x08000d65   Thumb Code    78  glcd_spi_stm32.o(.text)
    GLCD_WindowMax                           0x08000db3   Thumb Code    12  glcd_spi_stm32.o(.text)
    GLCD_PutPixel                            0x08000dbf   Thumb Code    44  glcd_spi_stm32.o(.text)
    GLCD_SetTextColor                        0x08000deb   Thumb Code     6  glcd_spi_stm32.o(.text)
    GLCD_SetBackColor                        0x08000df1   Thumb Code     6  glcd_spi_stm32.o(.text)
    GLCD_Clear                               0x08000df7   Thumb Code    82  glcd_spi_stm32.o(.text)
    GLCD_DrawChar_U8                         0x08000e49   Thumb Code   104  glcd_spi_stm32.o(.text)
    GLCD_DrawChar_U16                        0x08000eb1   Thumb Code   106  glcd_spi_stm32.o(.text)
    GLCD_DisplayChar                         0x08000f1b   Thumb Code    72  glcd_spi_stm32.o(.text)
    GLCD_DisplayString                       0x08000f63   Thumb Code    42  glcd_spi_stm32.o(.text)
    GLCD_ClearLn                             0x08000f8d   Thumb Code    72  glcd_spi_stm32.o(.text)
    GLCD_Bargraph                            0x08000fd5   Thumb Code    92  glcd_spi_stm32.o(.text)
    GLCD_Bitmap                              0x08001031   Thumb Code    78  glcd_spi_stm32.o(.text)
    GLCD_Bmp                                 0x0800107f   Thumb Code    88  glcd_spi_stm32.o(.text)
    GLCD_ScrollVertical                      0x080010d7   Thumb Code     2  glcd_spi_stm32.o(.text)
    strlen                                   0x08001185   Thumb Code    16  strlen.o(.text)
    __aeabi_dmul                             0x08001195   Thumb Code   224  dmul.o(.text)
    __aeabi_i2d                              0x08001275   Thumb Code    34  dflti.o(.text)
    __aeabi_d2uiz                            0x08001297   Thumb Code    46  dfixui.o(.text)
    __aeabi_uidiv                            0x080012c5   Thumb Code     0  uidiv.o(.text)
    __aeabi_uidivmod                         0x080012c5   Thumb Code    44  uidiv.o(.text)
    __aeabi_llsr                             0x080012f1   Thumb Code    32  llushr.o(.text)
    _ll_ushift_r                             0x080012f1   Thumb Code     0  llushr.o(.text)
    __I$use$fp                               0x08001311   Thumb Code     0  iusefp.o(.text)
    _double_round                            0x08001311   Thumb Code    26  depilogue.o(.text)
    _double_epilogue                         0x0800132b   Thumb Code   168  depilogue.o(.text)
    __scatterload                            0x080013d5   Thumb Code    28  init.o(.text)
    __scatterload_rt2                        0x080013d5   Thumb Code     0  init.o(.text)
    __aeabi_llsl                             0x080013f9   Thumb Code    30  llshl.o(.text)
    _ll_shift_l                              0x080013f9   Thumb Code     0  llshl.o(.text)
    CalcChksum                               0x08001417   Thumb Code    18  at_lib.o(i.CalcChksum)
    CalcChksumBuf                            0x08001429   Thumb Code    40  at_lib.o(i.CalcChksumBuf)
    CalcChksumVal                            0x08001451   Thumb Code    10  at_lib.o(i.CalcChksumVal)
    __0sprintf$1                             0x0800145d   Thumb Code    34  printf1.o(i.__0sprintf$1)
    __1sprintf$1                             0x0800145d   Thumb Code     0  printf1.o(i.__0sprintf$1)
    __2sprintf                               0x0800145d   Thumb Code     0  printf1.o(i.__0sprintf$1)
    __scatterload_copy                       0x08001485   Thumb Code    14  handlers.o(i.__scatterload_copy)
    __scatterload_null                       0x08001493   Thumb Code     2  handlers.o(i.__scatterload_null)
    __scatterload_zeroinit                   0x08001495   Thumb Code    14  handlers.o(i.__scatterload_zeroinit)
    alloc_mem                                0x080016ed   Thumb Code   150  at_mem.o(i.alloc_mem)
    arp_cache_add                            0x08001791   Thumb Code   176  at_arp.o(i.arp_cache_add)
    arp_cache_find                           0x080018c1   Thumb Code   254  at_arp.o(i.arp_cache_find)
    arp_cache_update                         0x080019d9   Thumb Code   218  at_arp.o(i.arp_cache_update)
    arp_send_req                             0x08001be5   Thumb Code   168  at_arp.o(i.arp_send_req)
    dhcp_disable                             0x08001d21   Thumb Code    40  at_dhcp.o(i.dhcp_disable)
    eth_chk_adr                              0x0800214d   Thumb Code    10  at_ethernet.o(i.eth_chk_adr)
    eth_send_frame                           0x0800215d   Thumb Code   146  at_ethernet.o(i.eth_send_frame)
    free_mem                                 0x080021fd   Thumb Code    94  at_mem.o(i.free_mem)
    get_crc                                  0x08002265   Thumb Code    36  at_lib.o(i.get_crc)
    get_u32                                  0x0800228d   Thumb Code    22  at_lib.o(i.get_u32)
    init_TcpNet                              0x080022d9   Thumb Code    40  at_system.o(i.init_TcpNet)
    init_arp                                 0x08002311   Thumb Code    30  at_arp.o(i.init_arp)
    init_dhcp                                0x08002339   Thumb Code    84  at_dhcp.o(i.init_dhcp)
    init_eth_link                            0x0800239d   Thumb Code    30  at_ethernet.o(i.init_eth_link)
    init_mem                                 0x080023c1   Thumb Code    24  at_mem.o(i.init_mem)
    init_nbns                                0x080023e5   Thumb Code    32  at_nbns.o(i.init_nbns)
    init_snmp                                0x0800240d   Thumb Code    66  at_snmp.o(i.init_snmp)
    init_udp                                 0x08002469   Thumb Code    18  at_udp.o(i.init_udp)
    ip_chk_frame                             0x08002485   Thumb Code   192  at_ip.o(i.ip_chk_frame)
    ip_get_locadr                            0x08002559   Thumb Code   144  at_ip.o(i.ip_get_locadr)
    ip_send_frame                            0x080025f5   Thumb Code   138  at_ip.o(i.ip_send_frame)
    is_subnet                                0x08002685   Thumb Code    34  at_lib.o(i.is_subnet)
    is_subnet_bcast                          0x080026a9   Thumb Code    40  at_arp.o(i.is_subnet_bcast)
    main_TcpNet                              0x080026d5   Thumb Code    52  at_system.o(i.main_TcpNet)
    mem_comp                                 0x08002711   Thumb Code    30  at_lib.o(i.mem_comp)
    mem_copy                                 0x08002731   Thumb Code    26  at_lib.o(i.mem_copy)
    mem_set                                  0x0800274d   Thumb Code    16  at_lib.o(i.mem_set)
    mem_test                                 0x0800275d   Thumb Code    22  at_lib.o(i.mem_test)
    process_arp                              0x08002b75   Thumb Code   156  at_arp.o(i.process_arp)
    process_hl_tcp                           0x08002c19   Thumb Code     2  at_lib_def.o(i.process_hl_tcp)
    process_icmp                             0x08002c1b   Thumb Code   116  at_icmp.o(i.process_icmp)
    process_udp                              0x08002c91   Thumb Code   178  at_udp.o(i.process_udp)
    put_in_queue                             0x08002d4d   Thumb Code    36  at_ethernet.o(i.put_in_queue)
    run_dhcp_client                          0x08002d79   Thumb Code   270  at_dhcp.o(i.run_dhcp_client)
    run_eth_link                             0x08002e95   Thumb Code   170  at_ethernet.o(i.run_eth_link)
    run_snmp_agent                           0x08002f4d   Thumb Code    34  at_snmp.o(i.run_snmp_agent)
    set_u16                                  0x08002f7d   Thumb Code     8  at_lib.o(i.set_u16)
    set_u32                                  0x08002f85   Thumb Code    16  at_lib.o(i.set_u32)
    snmp_trap                                0x080032e9   Thumb Code   570  at_snmp.o(i.snmp_trap)
    str_copy                                 0x08003549   Thumb Code    22  at_lib.o(i.str_copy)
    str_up_case                              0x0800355f   Thumb Code    26  at_lib.o(i.str_up_case)
    timer_tick                               0x08003579   Thumb Code     8  at_system.o(i.timer_tick)
    udp_close                                0x08003585   Thumb Code    34  at_udp.o(i.udp_close)
    udp_get_buf                              0x080035b1   Thumb Code    16  at_udp.o(i.udp_get_buf)
    udp_get_socket                           0x080035c1   Thumb Code    62  at_udp.o(i.udp_get_socket)
    udp_open                                 0x08003609   Thumb Code   112  at_udp.o(i.udp_open)
    udp_release_socket                       0x08003685   Thumb Code    40  at_udp.o(i.udp_release_socket)
    udp_send                                 0x080036b5   Thumb Code   250  at_udp.o(i.udp_send)
    snmp_mib                                 0x080037d0   Data         288  snmp_mib.o(.constdata)
    snmp_mib_size                            0x080038f0   Data           4  snmp_mib.o(.constdata)
    nlocalm                                  0x080038f4   Data          60  net_config.o(.constdata)
    netif_cfg                                0x08003930   Data           1  net_config.o(.constdata)
    MPool_Size                               0x08003934   Data           4  net_config.o(.constdata)
    tick_rate                                0x08003938   Data           2  net_config.o(.constdata)
    arp_TabSize                              0x0800393a   Data           2  net_config.o(.constdata)
    arp_TimeOut                              0x0800393c   Data           2  net_config.o(.constdata)
    arp_MaxRetry                             0x0800393e   Data           1  net_config.o(.constdata)
    arp_Resend                               0x0800393f   Data           1  net_config.o(.constdata)
    dhcp_vcid                                0x08003940   Data           1  net_config.o(.constdata)
    udp_NumSocks                             0x08003941   Data           1  net_config.o(.constdata)
    snmp_PortNum                             0x08003942   Data           2  net_config.o(.constdata)
    snmp_TrapPort                            0x08003944   Data           2  net_config.o(.constdata)
    snmp_TickItv                             0x08003946   Data           1  net_config.o(.constdata)
    snmp_Community                           0x08003947   Data           7  net_config.o(.constdata)
    snmp_TrapIp                              0x0800394e   Data           4  net_config.o(.constdata)
    Font_6x8_h                               0x08003952   Data         896  glcd_spi_stm32.o(.constdata)
    Font_16x24_h                             0x08003cd2   Data        5376  glcd_spi_stm32.o(.constdata)
    MAC_Broadcast                            0x080051da   Data           6  at_ethernet.o(.constdata)
    IP_Broadcast                             0x080051e0   Data           4  at_ip.o(.constdata)
    Region$$Table$$Base                      0x0800522c   Number         0  anon$$obj.o(Region$$Table)
    Region$$Table$$Limit                     0x0800524c   Number         0  anon$$obj.o(Region$$Table)
    tick                                     0x20000000   Data           4  snmp_demo.o(.data)
    dhcp_tout                                0x20000004   Data           4  snmp_demo.o(.data)
    LCDupdate                                0x20000008   Data           4  snmp_demo.o(.data)
    lcd_text                                 0x2000000c   Data          34  snmp_demo.o(.data)
    lhost_name                               0x20000032   Data          16  net_config.o(.data)
    own_hw_adr                               0x20000042   Data           6  net_config.o(.data)
    SystemFrequency                          0x2000004c   Data           4  system_stm32f10x_cl.o(.data)
    SystemFrequency_SysClk                   0x20000050   Data           4  system_stm32f10x_cl.o(.data)
    SystemFrequency_AHBClk                   0x20000054   Data           4  system_stm32f10x_cl.o(.data)
    SystemFrequency_APB1Clk                  0x20000058   Data           4  system_stm32f10x_cl.o(.data)
    SystemFrequency_APB2Clk                  0x2000005c   Data           4  system_stm32f10x_cl.o(.data)
    snmp_SysUpTime                           0x2000006c   Data           4  at_snmp.o(.data)
    sys_tick                                 0x2000007c   Data           1  at_system.o(.data)
    sec_tick                                 0x2000007d   Data           1  at_system.o(.data)
    timer_cnt                                0x20000080   Data           2  at_system.o(.data)
    Mem_Pool                                 0x2000008c   Data        8192  net_config.o(.bss)
    arp_table                                0x2000208c   Data         140  net_config.o(.bss)
    udp_socket                               0x20002118   Data          36  net_config.o(.bss)
    localm                                   0x20004654   Data          60  at_system.o(.bss)
    __initial_sp                             0x20004890   Data           0  startup_stm32f10x_cl.o(STACK)



==============================================================================

Memory Map of the image

  Image Entry point : 0x08000151

  Load Region LR_IROM1 (Base: 0x08000000, Size: 0x000052d8, Max: 0x00040000, ABSOLUTE)

    Execution Region ER_IROM1 (Base: 0x08000000, Size: 0x0000524c, Max: 0x00040000, ABSOLUTE)

    Base Addr    Size         Type   Attr      Idx    E Section Name        Object

    0x08000000   0x00000150   Data   RO          122    RESET               startup_stm32f10x_cl.o
    0x08000150   0x00000000   Code   RO          400  * .ARM.Collect$$$$00000000  mc_w.l(entry.o)
    0x08000150   0x00000004   Code   RO          672    .ARM.Collect$$$$00000001  mc_w.l(entry2.o)
    0x08000154   0x00000004   Code   RO          675    .ARM.Collect$$$$00000004  mc_w.l(entry5.o)
    0x08000158   0x00000008   Code   RO          676    .ARM.Collect$$$$00000007  mc_w.l(entry7.o)
    0x08000160   0x00000004   Code   RO          673    .ARM.Collect$$$$00002712  mc_w.l(entry2.o)
    0x08000164   0x0000039c   Code   RO            2    .text               snmp_demo.o
    0x08000500   0x00000040   Code   RO           57    .text               snmp_mib.o
    0x08000540   0x00000040   Code   RO           83    .text               net_config.o
    0x08000580   0x0000001c   Code   RO          123    .text               startup_stm32f10x_cl.o
    0x0800059c   0x00000364   Code   RO          128    .text               eth_stm32x.o
    0x08000900   0x0000013c   Code   RO          151    .text               system_stm32f10x_cl.o
    0x08000a3c   0x00000748   Code   RO          173    .text               glcd_spi_stm32.o
    0x08001184   0x00000010   Code   RO          403    .text               mc_w.l(strlen.o)
    0x08001194   0x000000e0   Code   RO          666    .text               mf_w.l(dmul.o)
    0x08001274   0x00000022   Code   RO          668    .text               mf_w.l(dflti.o)
    0x08001296   0x0000002e   Code   RO          670    .text               mf_w.l(dfixui.o)
    0x080012c4   0x0000002c   Code   RO          678    .text               mc_w.l(uidiv.o)
    0x080012f0   0x00000020   Code   RO          682    .text               mc_w.l(llushr.o)
    0x08001310   0x00000000   Code   RO          684    .text               mc_w.l(iusefp.o)
    0x08001310   0x000000c2   Code   RO          685    .text               mf_w.l(depilogue.o)
    0x080013d2   0x00000002   PAD
    0x080013d4   0x00000024   Code   RO          695    .text               mc_w.l(init.o)
    0x080013f8   0x0000001e   Code   RO          697    .text               mc_w.l(llshl.o)
    0x08001416   0x00000012   Code   RO          288    i.CalcChksum        TCP_CM3.lib(at_lib.o)
    0x08001428   0x00000028   Code   RO          289    i.CalcChksumBuf     TCP_CM3.lib(at_lib.o)
    0x08001450   0x0000000a   Code   RO          290    i.CalcChksumVal     TCP_CM3.lib(at_lib.o)
    0x0800145a   0x00000002   PAD
    0x0800145c   0x00000028   Code   RO          452    i.__0sprintf$1      mc_w.l(printf1.o)
    0x08001484   0x0000000e   Code   RO          703    i.__scatterload_copy  mc_w.l(handlers.o)
    0x08001492   0x00000002   Code   RO          704    i.__scatterload_null  mc_w.l(handlers.o)
    0x08001494   0x0000000e   Code   RO          705    i.__scatterload_zeroinit  mc_w.l(handlers.o)
    0x080014a2   0x00000002   PAD
    0x080014a4   0x00000150   Code   RO          457    i._printf_core      mc_w.l(printf1.o)
    0x080015f4   0x0000000a   Code   RO          459    i._sputc            mc_w.l(printf1.o)
    0x080015fe   0x00000002   PAD
    0x08001600   0x000000ec   Code   RO          241    i.add_object        TCP_CM3.lib(at_snmp.o)
    0x080016ec   0x000000a4   Code   RO          336    i.alloc_mem         TCP_CM3.lib(at_mem.o)
    0x08001790   0x000000c4   Code   RO          355    i.arp_cache_add     TCP_CM3.lib(at_arp.o)
    0x08001854   0x0000006c   Code   RO          356    i.arp_cache_alloc   TCP_CM3.lib(at_arp.o)
    0x080018c0   0x00000118   Code   RO          357    i.arp_cache_find    TCP_CM3.lib(at_arp.o)
    0x080019d8   0x000000f8   Code   RO          359    i.arp_cache_update  TCP_CM3.lib(at_arp.o)
    0x08001ad0   0x00000068   Code   RO          361    i.arp_get_response  TCP_CM3.lib(at_arp.o)
    0x08001b38   0x000000ac   Code   RO          362    i.arp_send_reply    TCP_CM3.lib(at_arp.o)
    0x08001be4   0x000000b8   Code   RO          363    i.arp_send_req      TCP_CM3.lib(at_arp.o)
    0x08001c9c   0x00000044   Code   RO          242    i.bind_tlv          TCP_CM3.lib(at_snmp.o)
    0x08001ce0   0x0000003e   Code   RO          243    i.bind_val          TCP_CM3.lib(at_snmp.o)
    0x08001d1e   0x00000002   PAD
    0x08001d20   0x00000030   Code   RO          224    i.dhcp_disable      TCP_CM3.lib(at_dhcp.o)
    0x08001d50   0x00000200   Code   RO          225    i.dhcp_listener     TCP_CM3.lib(at_dhcp.o)
    0x08001f50   0x000001fc   Code   RO          226    i.dhcp_send_message  TCP_CM3.lib(at_dhcp.o)
    0x0800214c   0x00000010   Code   RO          273    i.eth_chk_adr       TCP_CM3.lib(at_ethernet.o)
    0x0800215c   0x000000a0   Code   RO          275    i.eth_send_frame    TCP_CM3.lib(at_ethernet.o)
    0x080021fc   0x00000068   Code   RO          337    i.free_mem          TCP_CM3.lib(at_mem.o)
    0x08002264   0x00000028   Code   RO          295    i.get_crc           TCP_CM3.lib(at_lib.o)
    0x0800228c   0x00000016   Code   RO          297    i.get_u32           TCP_CM3.lib(at_lib.o)
    0x080022a2   0x0000002a   Code   RO          244    i.get_value         TCP_CM3.lib(at_snmp.o)
    0x080022cc   0x0000000c   Code   RO          245    i.ilen              TCP_CM3.lib(at_snmp.o)
    0x080022d8   0x00000038   Code   RO          346    i.init_TcpNet       TCP_CM3.lib(at_system.o)
    0x08002310   0x00000028   Code   RO          364    i.init_arp          TCP_CM3.lib(at_arp.o)
    0x08002338   0x00000064   Code   RO          227    i.init_dhcp         TCP_CM3.lib(at_dhcp.o)
    0x0800239c   0x00000024   Code   RO          276    i.init_eth_link     TCP_CM3.lib(at_ethernet.o)
    0x080023c0   0x00000024   Code   RO          338    i.init_mem          TCP_CM3.lib(at_mem.o)
    0x080023e4   0x00000028   Code   RO          218    i.init_nbns         TCP_CM3.lib(at_nbns.o)
    0x0800240c   0x0000005c   Code   RO          246    i.init_snmp         TCP_CM3.lib(at_snmp.o)
    0x08002468   0x0000001c   Code   RO          199    i.init_udp          TCP_CM3.lib(at_udp.o)
    0x08002484   0x000000c8   Code   RO          380    i.ip_chk_frame      TCP_CM3.lib(at_ip.o)
    0x0800254c   0x0000000a   Code   RO          381    i.ip_get_chksum     TCP_CM3.lib(at_ip.o)
    0x08002556   0x00000002   PAD
    0x08002558   0x0000009c   Code   RO          382    i.ip_get_locadr     TCP_CM3.lib(at_ip.o)
    0x080025f4   0x00000090   Code   RO          383    i.ip_send_frame     TCP_CM3.lib(at_ip.o)
    0x08002684   0x00000022   Code   RO          298    i.is_subnet         TCP_CM3.lib(at_lib.o)
    0x080026a6   0x00000002   PAD
    0x080026a8   0x0000002c   Code   RO          365    i.is_subnet_bcast   TCP_CM3.lib(at_arp.o)
    0x080026d4   0x0000003c   Code   RO          347    i.main_TcpNet       TCP_CM3.lib(at_system.o)
    0x08002710   0x0000001e   Code   RO          299    i.mem_comp          TCP_CM3.lib(at_lib.o)
    0x0800272e   0x00000002   PAD
    0x08002730   0x0000001a   Code   RO          300    i.mem_copy          TCP_CM3.lib(at_lib.o)
    0x0800274a   0x00000002   PAD
    0x0800274c   0x00000010   Code   RO          302    i.mem_set           TCP_CM3.lib(at_lib.o)
    0x0800275c   0x00000016   Code   RO          303    i.mem_test          TCP_CM3.lib(at_lib.o)
    0x08002772   0x00000002   PAD
    0x08002774   0x00000080   Code   RO          247    i.mib_find          TCP_CM3.lib(at_snmp.o)
    0x080027f4   0x00000080   Code   RO          248    i.mib_write         TCP_CM3.lib(at_snmp.o)
    0x08002874   0x0000014c   Code   RO          219    i.nbns_listener     TCP_CM3.lib(at_nbns.o)
    0x080029c0   0x0000006c   Code   RO          249    i.parse_tlv         TCP_CM3.lib(at_snmp.o)
    0x08002a2c   0x00000068   Code   RO          228    i.proc_opt_renew    TCP_CM3.lib(at_dhcp.o)
    0x08002a94   0x000000ac   Code   RO          229    i.proc_opt_req      TCP_CM3.lib(at_dhcp.o)
    0x08002b40   0x00000034   Code   RO          230    i.proc_opt_sel      TCP_CM3.lib(at_dhcp.o)
    0x08002b74   0x000000a4   Code   RO          366    i.process_arp       TCP_CM3.lib(at_arp.o)
    0x08002c18   0x00000002   Code   RO          394    i.process_hl_tcp    TCP_CM3.lib(at_lib_def.o)
    0x08002c1a   0x00000074   Code   RO          390    i.process_icmp      TCP_CM3.lib(at_icmp.o)
    0x08002c8e   0x00000002   PAD
    0x08002c90   0x000000bc   Code   RO          200    i.process_udp       TCP_CM3.lib(at_udp.o)
    0x08002d4c   0x0000002c   Code   RO          277    i.put_in_queue      TCP_CM3.lib(at_ethernet.o)
    0x08002d78   0x0000011c   Code   RO          231    i.run_dhcp_client   TCP_CM3.lib(at_dhcp.o)
    0x08002e94   0x000000b8   Code   RO          278    i.run_eth_link      TCP_CM3.lib(at_ethernet.o)
    0x08002f4c   0x00000030   Code   RO          250    i.run_snmp_agent    TCP_CM3.lib(at_snmp.o)
    0x08002f7c   0x00000008   Code   RO          304    i.set_u16           TCP_CM3.lib(at_lib.o)
    0x08002f84   0x00000010   Code   RO          305    i.set_u32           TCP_CM3.lib(at_lib.o)
    0x08002f94   0x00000036   Code   RO          251    i.set_value         TCP_CM3.lib(at_snmp.o)
    0x08002fca   0x00000002   PAD
    0x08002fcc   0x0000031c   Code   RO          252    i.snmp_listener     TCP_CM3.lib(at_snmp.o)
    0x080032e8   0x00000260   Code   RO          254    i.snmp_trap         TCP_CM3.lib(at_snmp.o)
    0x08003548   0x00000016   Code   RO          306    i.str_copy          TCP_CM3.lib(at_lib.o)
    0x0800355e   0x0000001a   Code   RO          311    i.str_up_case       TCP_CM3.lib(at_lib.o)
    0x08003578   0x0000000c   Code   RO          348    i.timer_tick        TCP_CM3.lib(at_system.o)
    0x08003584   0x0000002c   Code   RO          201    i.udp_close         TCP_CM3.lib(at_udp.o)
    0x080035b0   0x00000010   Code   RO          202    i.udp_get_buf       TCP_CM3.lib(at_udp.o)
    0x080035c0   0x00000048   Code   RO          203    i.udp_get_socket    TCP_CM3.lib(at_udp.o)
    0x08003608   0x0000007c   Code   RO          205    i.udp_open          TCP_CM3.lib(at_udp.o)
    0x08003684   0x00000030   Code   RO          206    i.udp_release_socket  TCP_CM3.lib(at_udp.o)
    0x080036b4   0x00000104   Code   RO          207    i.udp_send          TCP_CM3.lib(at_udp.o)
    0x080037b8   0x00000014   Code   RO          255    i.ulen              TCP_CM3.lib(at_snmp.o)
    0x080037cc   0x00000001   Data   RO           58    .constdata          snmp_mib.o
    0x080037cd   0x00000003   PAD
    0x080037d0   0x00000120   Data   RO           59    .constdata          snmp_mib.o
    0x080038f0   0x00000004   Data   RO           60    .constdata          snmp_mib.o
    0x080038f4   0x0000003c   Data   RO           87    .constdata          net_config.o
    0x08003930   0x00000001   Data   RO           88    .constdata          net_config.o
    0x08003931   0x00000003   PAD
    0x08003934   0x00000004   Data   RO           89    .constdata          net_config.o
    0x08003938   0x00000002   Data   RO           90    .constdata          net_config.o
    0x0800393a   0x00000002   Data   RO           91    .constdata          net_config.o
    0x0800393c   0x00000002   Data   RO           92    .constdata          net_config.o
    0x0800393e   0x00000001   Data   RO           93    .constdata          net_config.o
    0x0800393f   0x00000001   Data   RO           94    .constdata          net_config.o
    0x08003940   0x00000001   Data   RO           95    .constdata          net_config.o
    0x08003941   0x00000001   Data   RO           96    .constdata          net_config.o
    0x08003942   0x00000002   Data   RO           97    .constdata          net_config.o
    0x08003944   0x00000002   Data   RO           98    .constdata          net_config.o
    0x08003946   0x00000001   Data   RO           99    .constdata          net_config.o
    0x08003947   0x00000007   Data   RO          100    .constdata          net_config.o
    0x0800394e   0x00000004   Data   RO          101    .constdata          net_config.o
    0x08003952   0x00001880   Data   RO          174    .constdata          glcd_spi_stm32.o
    0x080051d2   0x00000008   Data   RO          220    .constdata          TCP_CM3.lib(at_nbns.o)
    0x080051da   0x00000006   Data   RO          280    .constdata          TCP_CM3.lib(at_ethernet.o)
    0x080051e0   0x00000004   Data   RO          384    .constdata          TCP_CM3.lib(at_ip.o)
    0x080051e4   0x0000003f   Data   RO           61    .conststring        snmp_mib.o
    0x08005223   0x00000009   Data   RO           62    .conststrlit        snmp_mib.o
    0x0800522c   0x00000020   Data   RO          701    Region$$Table       anon$$obj.o


    Execution Region RW_IRAM1 (Base: 0x20000000, Size: 0x00004890, Max: 0x00010000, ABSOLUTE)

    Base Addr    Size         Type   Attr      Idx    E Section Name        Object

    0x20000000   0x0000002e   Data   RW            3    .data               snmp_demo.o
    0x2000002e   0x00000004   Data   RW           63    .data               snmp_mib.o
    0x20000032   0x00000010   Data   RW          102    .data               net_config.o
    0x20000042   0x00000006   Data   RW          103    .data               net_config.o
    0x20000048   0x00000002   Data   RW          130    .data               eth_stm32x.o
    0x2000004a   0x00000002   PAD
    0x2000004c   0x00000014   Data   RW          152    .data               system_stm32f10x_cl.o
    0x20000060   0x00000006   Data   RW          175    .data               glcd_spi_stm32.o
    0x20000066   0x00000002   Data   RW          208    .data               TCP_CM3.lib(at_udp.o)
    0x20000068   0x00000001   Data   RW          221    .data               TCP_CM3.lib(at_nbns.o)
    0x20000069   0x00000003   PAD
    0x2000006c   0x00000004   Data   RW          257    .data               TCP_CM3.lib(at_snmp.o)
    0x20000070   0x00000008   Data   RW          281    .data               TCP_CM3.lib(at_ethernet.o)
    0x20000078   0x00000004   Data   RW          340    .data               TCP_CM3.lib(at_mem.o)
    0x2000007c   0x00000008   Data   RW          350    .data               TCP_CM3.lib(at_system.o)
    0x20000084   0x00000002   Data   RW          367    .data               TCP_CM3.lib(at_arp.o)
    0x20000086   0x00000004   Data   RW          385    .data               TCP_CM3.lib(at_ip.o)
    0x2000008a   0x00000002   PAD
    0x2000008c   0x00002000   Zero   RW           84    .bss                net_config.o
    0x2000208c   0x0000008c   Zero   RW           85    .bss                net_config.o
    0x20002118   0x00000024   Zero   RW           86    .bss                net_config.o
    0x2000213c   0x00002460   Zero   RW          129    .bss                eth_stm32x.o
    0x2000459c   0x0000001c   Zero   RW          232    .bss                TCP_CM3.lib(at_dhcp.o)
    0x200045b8   0x0000001c   Zero   RW          256    .bss                TCP_CM3.lib(at_snmp.o)
    0x200045d4   0x00000080   Zero   RW          279    .bss                TCP_CM3.lib(at_ethernet.o)
    0x20004654   0x0000003c   Zero   RW          349    .bss                TCP_CM3.lib(at_system.o)
    0x20004690   0x00000200   Zero   RW          120    STACK               startup_stm32f10x_cl.o


==============================================================================

Image component sizes


      Code (inc. data)   RO Data    RW Data    ZI Data      Debug   Object Name

       868         78          0          2       9312       8950   eth_stm32x.o
      1864         56       6272          6          0       8346   glcd_spi_stm32.o
        64          0         91         22       8368       2791   net_config.o
       924        142          0         46          0      17875   snmp_demo.o
        64          8        365          4          0      11169   snmp_mib.o
        28          4        336          0        512        712   startup_stm32f10x_cl.o
       316         42          0         20          0       1237   system_stm32f10x_cl.o

    ----------------------------------------------------------------------
      4128        330       7102        102      18192      51080   Object Totals
         0          0         32          0          0          0   (incl. Generated)
         0          0          6          2          0          0   (incl. Padding)

    ----------------------------------------------------------------------

      Code (inc. data)   RO Data    RW Data    ZI Data      Debug   Library Member Name

      1540        162          0          2          0        884   at_arp.o
      1780        126          0          0         28        700   at_dhcp.o
       440         48          6          8        128        408   at_ethernet.o
       116          0          0          0          0         88   at_icmp.o
       510         26          4          4          0        332   at_ip.o
       330          4          0          0          0        992   at_lib.o
         2          0          0          0          0         68   at_lib_def.o
       304         36          0          4          0        252   at_mem.o
       372         24          8          1          0        184   at_nbns.o
      2402        112          0          4         28       1136   at_snmp.o
       128         28          0          8         60        216   at_system.o
       780         70          0          2          0        628   at_udp.o
         0          0          0          0          0          0   entry.o
         8          4          0          0          0          0   entry2.o
         4          0          0          0          0          0   entry5.o
         8          4          0          0          0          0   entry7.o
        30          0          0          0          0          0   handlers.o
        36          8          0          0          0         68   init.o
         0          0          0          0          0          0   iusefp.o
        30          0          0          0          0         68   llshl.o
        32          0          0          0          0         68   llushr.o
       386         10          0          0          0        248   printf1.o
        16          0          0          0          0         68   strlen.o
        44          0          0          0          0         80   uidiv.o
       194          0          0          0          0        184   depilogue.o
        46          0          0          0          0         68   dfixui.o
        34          0          0          0          0         76   dflti.o
       224          0          0          0          0         96   dmul.o

    ----------------------------------------------------------------------
      9820        662         18         38        244       6912   Library Totals
        24          0          0          5          0          0   (incl. Padding)

    ----------------------------------------------------------------------

      Code (inc. data)   RO Data    RW Data    ZI Data      Debug   Library Name

      8704        636         18         33        244       5888   TCP_CM3.lib
       594         26          0          0          0        600   mc_w.l
       498          0          0          0          0        424   mf_w.l

    ----------------------------------------------------------------------
      9820        662         18         38        244       6912   Library Totals

    ----------------------------------------------------------------------

==============================================================================


      Code (inc. data)   RO Data    RW Data    ZI Data      Debug   

     13948        992       7120        140      18436      53000   Grand Totals
     13948        992       7120        140      18436      53000   ELF Image Totals
     13948        992       7120        140          0          0   ROM Totals

==============================================================================

    Total RO  Size (Code + RO Data)                21068 (  20.57kB)
    Total RW  Size (RW Data + ZI Data)             18576 (  18.14kB)
    Total ROM Size (Code + RO Data + RW Data)      21208 (  20.71kB)

==============================================================================

